Archive member included to satisfy reference by file (symbol)

C:\Users\brett\AppData\Local\arduino\sketches\3523EA022704F1EAF1259012B38047F1/..\..\cores\Seeeduino_samd_seeed_XIAO_m0_58b8410a5acda13f3e9a82a2ea43902b\core.a(Print.cpp.o)
                              C:\Users\brett\AppData\Local\arduino\sketches\3523EA022704F1EAF1259012B38047F1\sketch\button_troubleshoot.ino.cpp.o (Print::print(String const&))
C:\Users\brett\AppData\Local\arduino\sketches\3523EA022704F1EAF1259012B38047F1/..\..\cores\Seeeduino_samd_seeed_XIAO_m0_58b8410a5acda13f3e9a82a2ea43902b\core.a(Retarget.cpp.o)
                              (__wrap__write)
C:\Users\brett\AppData\Local\arduino\sketches\3523EA022704F1EAF1259012B38047F1/..\..\cores\Seeeduino_samd_seeed_XIAO_m0_58b8410a5acda13f3e9a82a2ea43902b\core.a(SERCOM.cpp.o)
                              C:\Users\brett\AppData\Local\arduino\sketches\3523EA022704F1EAF1259012B38047F1\core\variant.cpp.o (SERCOM::SERCOM(Sercom*))
C:\Users\brett\AppData\Local\arduino\sketches\3523EA022704F1EAF1259012B38047F1/..\..\cores\Seeeduino_samd_seeed_XIAO_m0_58b8410a5acda13f3e9a82a2ea43902b\core.a(CDC.cpp.o)
                              C:\Users\brett\AppData\Local\arduino\sketches\3523EA022704F1EAF1259012B38047F1\sketch\button_troubleshoot.ino.cpp.o (Serial_::available())
C:\Users\brett\AppData\Local\arduino\sketches\3523EA022704F1EAF1259012B38047F1/..\..\cores\Seeeduino_samd_seeed_XIAO_m0_58b8410a5acda13f3e9a82a2ea43902b\core.a(USBCore.cpp.o)
                              C:\Users\brett\AppData\Local\arduino\sketches\3523EA022704F1EAF1259012B38047F1/..\..\cores\Seeeduino_samd_seeed_XIAO_m0_58b8410a5acda13f3e9a82a2ea43902b\core.a(CDC.cpp.o) (USBDeviceClass::clear(unsigned long))
C:\Users\brett\AppData\Local\arduino\sketches\3523EA022704F1EAF1259012B38047F1/..\..\cores\Seeeduino_samd_seeed_XIAO_m0_58b8410a5acda13f3e9a82a2ea43902b\core.a(Uart.cpp.o)
                              C:\Users\brett\AppData\Local\arduino\sketches\3523EA022704F1EAF1259012B38047F1\core\variant.cpp.o (Uart::Uart(SERCOM*, unsigned char, unsigned char, SercomRXPad, SercomUartTXPad))
C:\Users\brett\AppData\Local\arduino\sketches\3523EA022704F1EAF1259012B38047F1/..\..\cores\Seeeduino_samd_seeed_XIAO_m0_58b8410a5acda13f3e9a82a2ea43902b\core.a(WString.cpp.o)
                              C:\Users\brett\AppData\Local\arduino\sketches\3523EA022704F1EAF1259012B38047F1\sketch\button_troubleshoot.ino.cpp.o (String::~String())
C:\Users\brett\AppData\Local\arduino\sketches\3523EA022704F1EAF1259012B38047F1/..\..\cores\Seeeduino_samd_seeed_XIAO_m0_58b8410a5acda13f3e9a82a2ea43902b\core.a(abi.cpp.o)
                              C:\Users\brett\AppData\Local\arduino\sketches\3523EA022704F1EAF1259012B38047F1/..\..\cores\Seeeduino_samd_seeed_XIAO_m0_58b8410a5acda13f3e9a82a2ea43902b\core.a(Print.cpp.o) (__cxa_pure_virtual)
C:\Users\brett\AppData\Local\arduino\sketches\3523EA022704F1EAF1259012B38047F1/..\..\cores\Seeeduino_samd_seeed_XIAO_m0_58b8410a5acda13f3e9a82a2ea43902b\core.a(dtostrf.c.o)
                              C:\Users\brett\AppData\Local\arduino\sketches\3523EA022704F1EAF1259012B38047F1/..\..\cores\Seeeduino_samd_seeed_XIAO_m0_58b8410a5acda13f3e9a82a2ea43902b\core.a(WString.cpp.o) (dtostrf)
C:\Users\brett\AppData\Local\arduino\sketches\3523EA022704F1EAF1259012B38047F1/..\..\cores\Seeeduino_samd_seeed_XIAO_m0_58b8410a5acda13f3e9a82a2ea43902b\core.a(cortex_handlers.c.o)
                              (Reset_Handler)
C:\Users\brett\AppData\Local\arduino\sketches\3523EA022704F1EAF1259012B38047F1/..\..\cores\Seeeduino_samd_seeed_XIAO_m0_58b8410a5acda13f3e9a82a2ea43902b\core.a(delay.c.o)
                              C:\Users\brett\AppData\Local\arduino\sketches\3523EA022704F1EAF1259012B38047F1/..\..\cores\Seeeduino_samd_seeed_XIAO_m0_58b8410a5acda13f3e9a82a2ea43902b\core.a(CDC.cpp.o) (millis)
C:\Users\brett\AppData\Local\arduino\sketches\3523EA022704F1EAF1259012B38047F1/..\..\cores\Seeeduino_samd_seeed_XIAO_m0_58b8410a5acda13f3e9a82a2ea43902b\core.a(hooks.c.o)
                              C:\Users\brett\AppData\Local\arduino\sketches\3523EA022704F1EAF1259012B38047F1/..\..\cores\Seeeduino_samd_seeed_XIAO_m0_58b8410a5acda13f3e9a82a2ea43902b\core.a(delay.c.o) (yield)
C:\Users\brett\AppData\Local\arduino\sketches\3523EA022704F1EAF1259012B38047F1/..\..\cores\Seeeduino_samd_seeed_XIAO_m0_58b8410a5acda13f3e9a82a2ea43902b\core.a(itoa.c.o)
                              C:\Users\brett\AppData\Local\arduino\sketches\3523EA022704F1EAF1259012B38047F1/..\..\cores\Seeeduino_samd_seeed_XIAO_m0_58b8410a5acda13f3e9a82a2ea43902b\core.a(WString.cpp.o) (ltoa)
C:\Users\brett\AppData\Local\arduino\sketches\3523EA022704F1EAF1259012B38047F1/..\..\cores\Seeeduino_samd_seeed_XIAO_m0_58b8410a5acda13f3e9a82a2ea43902b\core.a(main.cpp.o)
                              c:/users/brett/appdata/local/arduino15/packages/seeeduino/tools/arm-none-eabi-gcc/7-2017q4/bin/../lib/gcc/arm-none-eabi/7.2.1/../../../../arm-none-eabi/lib/thumb/v6-m/crt0.o (main)
[...]
Memory Configuration

Name             Origin             Length             Attributes
FLASH            0x00002000         0x0003e000         xr
RAM              0x20000000         0x00008000         xrw
*default*        0x00000000         0xffffffff

Linker script and memory map

LOAD c:/users/brett/appdata/local/arduino15/packages/seeeduino/tools/arm-none-eabi-gcc/7-2017q4/bin/../lib/gcc/arm-none-eabi/7.2.1/thumb/v6-m/crti.o
LOAD c:/users/brett/appdata/local/arduino15/packages/seeeduino/tools/arm-none-eabi-gcc/7-2017q4/bin/../lib/gcc/arm-none-eabi/7.2.1/thumb/v6-m/crtbegin.o
LOAD c:/users/brett/appdata/local/arduino15/packages/seeeduino/tools/arm-none-eabi-gcc/7-2017q4/bin/../lib/gcc/arm-none-eabi/7.2.1/../../../../arm-none-eabi/lib/thumb/v6-m/crt0.o
LOAD C:\Users\brett\AppData\Local\arduino\sketches\3523EA022704F1EAF1259012B38047F1\sketch\button_troubleshoot.ino.cpp.o
LOAD C:\Users\brett\AppData\Local\arduino\sketches\3523EA022704F1EAF1259012B38047F1\core\variant.cpp.o
START GROUP
LOAD C:\Users\brett\AppData\Local\Arduino15\packages\Seeeduino\tools\CMSIS\5.7.0/CMSIS/DSP/Lib/GCC/\libarm_cortexM0l_math.a
LOAD c:/users/brett/appdata/local/arduino15/packages/seeeduino/tools/arm-none-eabi-gcc/7-2017q4/bin/../lib/gcc/arm-none-eabi/7.2.1/../../../../arm-none-eabi/lib/thumb/v6-m\libm.a
LOAD C:\Users\brett\AppData\Local\arduino\sketches\3523EA022704F1EAF1259012B38047F1/..\..\cores\Seeeduino_samd_seeed_XIAO_m0_58b8410a5acda13f3e9a82a2ea43902b\core.a
END GROUP
LOAD c:/users/brett/appdata/local/arduino15/packages/seeeduino/tools/arm-none-eabi-gcc/7-2017q4/bin/../lib/gcc/arm-none-eabi/7.2.1/../../../../arm-none-eabi/lib/thumb/v6-m\libstdc++_nano.a
LOAD c:/users/brett/appdata/local/arduino15/packages/seeeduino/tools/arm-none-eabi-gcc/7-2017q4/bin/../lib/gcc/arm-none-eabi/7.2.1/../../../../arm-none-eabi/lib/thumb/v6-m\libm.a
START GROUP
LOAD c:/users/brett/appdata/local/arduino15/packages/seeeduino/tools/arm-none-eabi-gcc/7-2017q4/bin/../lib/gcc/arm-none-eabi/7.2.1/thumb/v6-m\libgcc.a
LOAD c:/users/brett/appdata/local/arduino15/packages/seeeduino/tools/arm-none-eabi-gcc/7-2017q4/bin/../lib/gcc/arm-none-eabi/7.2.1/../../../../arm-none-eabi/lib/thumb/v6-m\libc_nano.a
END GROUP
START GROUP
LOAD c:/users/brett/appdata/local/arduino15/packages/seeeduino/tools/arm-none-eabi-gcc/7-2017q4/bin/../lib/gcc/arm-none-eabi/7.2.1/thumb/v6-m\libgcc.a
LOAD c:/users/brett/appdata/local/arduino15/packages/seeeduino/tools/arm-none-eabi-gcc/7-2017q4/bin/../lib/gcc/arm-none-eabi/7.2.1/../../../../arm-none-eabi/lib/thumb/v6-m\libc_nano.a
LOAD c:/users/brett/appdata/local/arduino15/packages/seeeduino/tools/arm-none-eabi-gcc/7-2017q4/bin/../lib/gcc/arm-none-eabi/7.2.1/../../../../arm-none-eabi/lib/thumb/v6-m\libnosys.a
END GROUP
START GROUP
LOAD c:/users/brett/appdata/local/arduino15/packages/seeeduino/tools/arm-none-eabi-gcc/7-2017q4/bin/../lib/gcc/arm-none-eabi/7.2.1/thumb/v6-m\libgcc.a
LOAD c:/users/brett/appdata/local/arduino15/packages/seeeduino/tools/arm-none-eabi-gcc/7-2017q4/bin/../lib/gcc/arm-none-eabi/7.2.1/../../../../arm-none-eabi/lib/thumb/v6-m\libc_nano.a
LOAD c:/users/brett/appdata/local/arduino15/packages/seeeduino/tools/arm-none-eabi-gcc/7-2017q4/bin/../lib/gcc/arm-none-eabi/7.2.1/../../../../arm-none-eabi/lib/thumb/v6-m\libnosys.a
END GROUP
LOAD c:/users/brett/appdata/local/arduino15/packages/seeeduino/tools/arm-none-eabi-gcc/7-2017q4/bin/../lib/gcc/arm-none-eabi/7.2.1/thumb/v6-m/crtend.o
LOAD c:/users/brett/appdata/local/arduino15/packages/seeeduino/tools/arm-none-eabi-gcc/7-2017q4/bin/../lib/gcc/arm-none-eabi/7.2.1/thumb/v6-m/crtn.o

.text           0x00002000     0x92e4
                0x00002000                __text_start__ = .
 *(.isr_vector)
 .isr_vector    0x00002000       0xb4 C:\Users\brett\AppData\Local\arduino\sketches\3523EA022704F1EAF1259012B38047F1/..\..\cores\Seeeduino_samd_seeed_XIAO_m0_58b8410a5acda13f3e9a82a2ea43902b\core.a(cortex_handlers.c.o)
                0x00002000                exception_table
 *(.text*)
 .text          0x000020b4       0x48 c:/users/brett/appdata/local/arduino15/packages/seeeduino/tools/arm-none-eabi-gcc/7-2017q4/bin/../lib/gcc/arm-none-eabi/7.2.1/thumb/v6-m/crtbegin.o
 .text._Z17promptForNextTestv
                0x000020fc       0xa4 C:\Users\brett\AppData\Local\arduino\sketches\3523EA022704F1EAF1259012B38047F1\sketch\button_troubleshoot.ino.cpp.o
                0x000020fc                promptForNextTest()
 .text.setup    0x000021a0       0x90 C:\Users\brett\AppData\Local\arduino\sketches\3523EA022704F1EAF1259012B38047F1\sketch\button_troubleshoot.ino.cpp.o
                0x000021a0                setup
 .text._Z11performTestv
                0x00002230       0xcc C:\Users\brett\AppData\Local\arduino\sketches\3523EA022704F1EAF1259012B38047F1\sketch\button_troubleshoot.ino.cpp.o
                0x00002230                performTest()
 .text._Z17printPaddedNumberii
                0x000022fc       0x50 C:\Users\brett\AppData\Local\arduino\sketches\3523EA022704F1EAF1259012B38047F1\sketch\button_troubleshoot.ino.cpp.o
                0x000022fc                printPaddedNumber(int, int)
 .text._Z9getStatusii
                0x0000234c       0x70 C:\Users\brett\AppData\Local\arduino\sketches\3523EA022704F1EAF1259012B38047F1\sketch\button_troubleshoot.ino.cpp.o
                0x0000234c                getStatus(int, int)
 .text._Z14displayResultsv
                0x000023bc      0x178 C:\Users\brett\AppData\Local\arduino\sketches\3523EA022704F1EAF1259012B38047F1\sketch\button_troubleshoot.ino.cpp.o
                0x000023bc                displayResults()
 .text.loop     0x00002534       0x60 C:\Users\brett\AppData\Local\arduino\sketches\3523EA022704F1EAF1259012B38047F1\sketch\button_troubleshoot.ino.cpp.o
                0x00002534                loop
 .text.SERCOM4_Handler
                0x00002594       0x10 C:\Users\brett\AppData\Local\arduino\sketches\3523EA022704F1EAF1259012B38047F1\core\variant.cpp.o
                0x00002594                SERCOM4_Handler
 .text.startup._GLOBAL__sub_I_g_APinDescription
                0x000025a4       0x80 C:\Users\brett\AppData\Local\arduino\sketches\3523EA022704F1EAF1259012B38047F1\core\variant.cpp.o
 .text._ZN5Print5writeEPKhj
                0x00002624       0x28 C:\Users\brett\AppData\Local\arduino\sketches\3523EA022704F1EAF1259012B38047F1/..\..\cores\Seeeduino_samd_seeed_XIAO_m0_58b8410a5acda13f3e9a82a2ea43902b\core.a(Print.cpp.o)
                0x00002624                Print::write(unsigned char const*, unsigned int)
 .text._ZN5Print5writeEPKc.part.2
                0x0000264c       0x1a C:\Users\brett\AppData\Local\arduino\sketches\3523EA022704F1EAF1259012B38047F1/..\..\cores\Seeeduino_samd_seeed_XIAO_m0_58b8410a5acda13f3e9a82a2ea43902b\core.a(Print.cpp.o)
 .text._ZN5Print5writeEPKc
                0x00002666       0x10 C:\Users\brett\AppData\Local\arduino\sketches\3523EA022704F1EAF1259012B38047F1/..\..\cores\Seeeduino_samd_seeed_XIAO_m0_58b8410a5acda13f3e9a82a2ea43902b\core.a(Print.cpp.o)
                0x00002666                Print::write(char const*)
 .text._ZN5Print5printERK6String
                0x00002676        0xe C:\Users\brett\AppData\Local\arduino\sketches\3523EA022704F1EAF1259012B38047F1/..\..\cores\Seeeduino_samd_seeed_XIAO_m0_58b8410a5acda13f3e9a82a2ea43902b\core.a(Print.cpp.o)
                0x00002676                Print::print(String const&)
 .text._ZN5Print5printEPKc
                0x00002684        0x8 C:\Users\brett\AppData\Local\arduino\sketches\3523EA022704F1EAF1259012B38047F1/..\..\cores\Seeeduino_samd_seeed_XIAO_m0_58b8410a5acda13f3e9a82a2ea43902b\core.a(Print.cpp.o)
                0x00002684                Print::print(char const*)
 .text._ZN5Print5printEc
                0x0000268c        0xa C:\Users\brett\AppData\Local\arduino\sketches\3523EA022704F1EAF1259012B38047F1/..\..\cores\Seeeduino_samd_seeed_XIAO_m0_58b8410a5acda13f3e9a82a2ea43902b\core.a(Print.cpp.o)
                0x0000268c                Print::print(char)
 *fill*         0x00002696        0x2 
 .text._ZN5Print7printlnEv
                0x00002698       0x10 C:\Users\brett\AppData\Local\arduino\sketches\3523EA022704F1EAF1259012B38047F1/..\..\cores\Seeeduino_samd_seeed_XIAO_m0_58b8410a5acda13f3e9a82a2ea43902b\core.a(Print.cpp.o)
                0x00002698                Print::println()
 .text._ZN5Print7printlnERK6String
                0x000026a8       0x14 C:\Users\brett\AppData\Local\arduino\sketches\3523EA022704F1EAF1259012B38047F1/..\..\cores\Seeeduino_samd_seeed_XIAO_m0_58b8410a5acda13f3e9a82a2ea43902b\core.a(Print.cpp.o)
                0x000026a8                Print::println(String const&)
 .text._ZN5Print7printlnEPKc
                0x000026bc       0x14 C:\Users\brett\AppData\Local\arduino\sketches\3523EA022704F1EAF1259012B38047F1/..\..\cores\Seeeduino_samd_seeed_XIAO_m0_58b8410a5acda13f3e9a82a2ea43902b\core.a(Print.cpp.o)
                0x000026bc                Print::println(char const*)
 .text._ZN5Print11printNumberEmh
                0x000026d0       0x48 C:\Users\brett\AppData\Local\arduino\sketches\3523EA022704F1EAF1259012B38047F1/..\..\cores\Seeeduino_samd_seeed_XIAO_m0_58b8410a5acda13f3e9a82a2ea43902b\core.a(Print.cpp.o)
                0x000026d0                Print::printNumber(unsigned long, unsigned char)
 .text._ZN5Print5printEli
                0x00002718       0x3e C:\Users\brett\AppData\Local\arduino\sketches\3523EA022704F1EAF1259012B38047F1/..\..\cores\Seeeduino_samd_seeed_XIAO_m0_58b8410a5acda13f3e9a82a2ea43902b\core.a(Print.cpp.o)
                0x00002718                Print::print(long, int)
 .text._ZN5Print5printEii
                0x00002756        0x8 C:\Users\brett\AppData\Local\arduino\sketches\3523EA022704F1EAF1259012B38047F1/..\..\cores\Seeeduino_samd_seeed_XIAO_m0_58b8410a5acda13f3e9a82a2ea43902b\core.a(Print.cpp.o)
                0x00002756                Print::print(int, int)
 .text.__wrap__write
                0x0000275e        0x4 C:\Users\brett\AppData\Local\arduino\sketches\3523EA022704F1EAF1259012B38047F1/..\..\cores\Seeeduino_samd_seeed_XIAO_m0_58b8410a5acda13f3e9a82a2ea43902b\core.a(Retarget.cpp.o)
                0x0000275e                __wrap__write
 .text._ZN6SERCOMC2EP6Sercom
                0x00002762        0x4 C:\Users\brett\AppData\Local\arduino\sketches\3523EA022704F1EAF1259012B38047F1/..\..\cores\Seeeduino_samd_seeed_XIAO_m0_58b8410a5acda13f3e9a82a2ea43902b\core.a(SERCOM.cpp.o)
                0x00002762                SERCOM::SERCOM(Sercom*)
                0x00002762                SERCOM::SERCOM(Sercom*)
 .text._ZN6SERCOM9initFrameE18SercomUartCharSize15SercomDataOrder16SercomParityMode19SercomNumberStopBit
                0x00002766       0x3a C:\Users\brett\AppData\Local\arduino\sketches\3523EA022704F1EAF1259012B38047F1/..\..\cores\Seeeduino_samd_seeed_XIAO_m0_58b8410a5acda13f3e9a82a2ea43902b\core.a(SERCOM.cpp.o)
                0x00002766                SERCOM::initFrame(SercomUartCharSize, SercomDataOrder, SercomParityMode, SercomNumberStopBit)
 .text._ZN6SERCOM8initPadsE15SercomUartTXPad11SercomRXPad
                0x000027a0       0x26 C:\Users\brett\AppData\Local\arduino\sketches\3523EA022704F1EAF1259012B38047F1/..\..\cores\Seeeduino_samd_seeed_XIAO_m0_58b8410a5acda13f3e9a82a2ea43902b\core.a(SERCOM.cpp.o)
                0x000027a0                SERCOM::initPads(SercomUartTXPad, SercomRXPad)
 .text._ZN6SERCOM9resetUARTEv
                0x000027c6       0x1a C:\Users\brett\AppData\Local\arduino\sketches\3523EA022704F1EAF1259012B38047F1/..\..\cores\Seeeduino_samd_seeed_XIAO_m0_58b8410a5acda13f3e9a82a2ea43902b\core.a(SERCOM.cpp.o)
                0x000027c6                SERCOM::resetUART()
 .text._ZN6SERCOM10enableUARTEv
                0x000027e0       0x14 C:\Users\brett\AppData\Local\arduino\sketches\3523EA022704F1EAF1259012B38047F1/..\..\cores\Seeeduino_samd_seeed_XIAO_m0_58b8410a5acda13f3e9a82a2ea43902b\core.a(SERCOM.cpp.o)
                0x000027e0                SERCOM::enableUART()
 .text._ZN6SERCOM9flushUARTEv
                0x000027f4       0x10 C:\Users\brett\AppData\Local\arduino\sketches\3523EA022704F1EAF1259012B38047F1/..\..\cores\Seeeduino_samd_seeed_XIAO_m0_58b8410a5acda13f3e9a82a2ea43902b\core.a(SERCOM.cpp.o)
                0x000027f4                SERCOM::flushUART()
 .text._ZN6SERCOM15clearStatusUARTEv
                0x00002804        0x8 C:\Users\brett\AppData\Local\arduino\sketches\3523EA022704F1EAF1259012B38047F1/..\..\cores\Seeeduino_samd_seeed_XIAO_m0_58b8410a5acda13f3e9a82a2ea43902b\core.a(SERCOM.cpp.o)
                0x00002804                SERCOM::clearStatusUART()
 .text._ZN6SERCOM17availableDataUARTEv
                0x0000280c        0xa C:\Users\brett\AppData\Local\arduino\sketches\3523EA022704F1EAF1259012B38047F1/..\..\cores\Seeeduino_samd_seeed_XIAO_m0_58b8410a5acda13f3e9a82a2ea43902b\core.a(SERCOM.cpp.o)
                0x0000280c                SERCOM::availableDataUART()
 .text._ZN6SERCOM11isUARTErrorEv
                0x00002816        0x8 C:\Users\brett\AppData\Local\arduino\sketches\3523EA022704F1EAF1259012B38047F1/..\..\cores\Seeeduino_samd_seeed_XIAO_m0_58b8410a5acda13f3e9a82a2ea43902b\core.a(SERCOM.cpp.o)
                0x00002816                SERCOM::isUARTError()
 .text._ZN6SERCOM20acknowledgeUARTErrorEv
                0x0000281e        0xe C:\Users\brett\AppData\Local\arduino\sketches\3523EA022704F1EAF1259012B38047F1/..\..\cores\Seeeduino_samd_seeed_XIAO_m0_58b8410a5acda13f3e9a82a2ea43902b\core.a(SERCOM.cpp.o)
                0x0000281e                SERCOM::acknowledgeUARTError()
 .text._ZN6SERCOM16isFrameErrorUARTEv
                0x0000282c        0xa C:\Users\brett\AppData\Local\arduino\sketches\3523EA022704F1EAF1259012B38047F1/..\..\cores\Seeeduino_samd_seeed_XIAO_m0_58b8410a5acda13f3e9a82a2ea43902b\core.a(SERCOM.cpp.o)
                0x0000282c                SERCOM::isFrameErrorUART()
 .text._ZN6SERCOM19clearFrameErrorUARTEv
                0x00002836        0xc C:\Users\brett\AppData\Local\arduino\sketches\3523EA022704F1EAF1259012B38047F1/..\..\cores\Seeeduino_samd_seeed_XIAO_m0_58b8410a5acda13f3e9a82a2ea43902b\core.a(SERCOM.cpp.o)
                0x00002836                SERCOM::clearFrameErrorUART()
 .text._ZN6SERCOM23isDataRegisterEmptyUARTEv
                0x00002842        0xa C:\Users\brett\AppData\Local\arduino\sketches\3523EA022704F1EAF1259012B38047F1/..\..\cores\Seeeduino_samd_seeed_XIAO_m0_58b8410a5acda13f3e9a82a2ea43902b\core.a(SERCOM.cpp.o)
                0x00002842                SERCOM::isDataRegisterEmptyUART()
 .text._ZN6SERCOM12readDataUARTEv
                0x0000284c        0x8 C:\Users\brett\AppData\Local\arduino\sketches\3523EA022704F1EAF1259012B38047F1/..\..\cores\Seeeduino_samd_seeed_XIAO_m0_58b8410a5acda13f3e9a82a2ea43902b\core.a(SERCOM.cpp.o)
                0x0000284c                SERCOM::readDataUART()
 .text._ZN6SERCOM13writeDataUARTEh
                0x00002854       0x10 C:\Users\brett\AppData\Local\arduino\sketches\3523EA022704F1EAF1259012B38047F1/..\..\cores\Seeeduino_samd_seeed_XIAO_m0_58b8410a5acda13f3e9a82a2ea43902b\core.a(SERCOM.cpp.o)
                0x00002854                SERCOM::writeDataUART(unsigned char)
 .text._ZN6SERCOM36enableDataRegisterEmptyInterruptUARTEv
                0x00002864        0x8 C:\Users\brett\AppData\Local\arduino\sketches\3523EA022704F1EAF1259012B38047F1/..\..\cores\Seeeduino_samd_seeed_XIAO_m0_58b8410a5acda13f3e9a82a2ea43902b\core.a(SERCOM.cpp.o)
                0x00002864                SERCOM::enableDataRegisterEmptyInterruptUART()
 .text._ZN6SERCOM37disableDataRegisterEmptyInterruptUARTEv
                0x0000286c        0x8 C:\Users\brett\AppData\Local\arduino\sketches\3523EA022704F1EAF1259012B38047F1/..\..\cores\Seeeduino_samd_seeed_XIAO_m0_58b8410a5acda13f3e9a82a2ea43902b\core.a(SERCOM.cpp.o)
                0x0000286c                SERCOM::disableDataRegisterEmptyInterruptUART()
 .text._ZN6SERCOM14getSercomIndexEv
                0x00002874       0x5c C:\Users\brett\AppData\Local\arduino\sketches\3523EA022704F1EAF1259012B38047F1/..\..\cores\Seeeduino_samd_seeed_XIAO_m0_58b8410a5acda13f3e9a82a2ea43902b\core.a(SERCOM.cpp.o)
                0x00002874                SERCOM::getSercomIndex()
 .text._ZN6SERCOM13initClockNVICEv
                0x000028d0       0x90 C:\Users\brett\AppData\Local\arduino\sketches\3523EA022704F1EAF1259012B38047F1/..\..\cores\Seeeduino_samd_seeed_XIAO_m0_58b8410a5acda13f3e9a82a2ea43902b\core.a(SERCOM.cpp.o)
                0x000028d0                SERCOM::initClockNVIC()
 .text._ZN6SERCOM8initUARTE14SercomUartMode20SercomUartSampleRatem
                0x00002960       0x6c C:\Users\brett\AppData\Local\arduino\sketches\3523EA022704F1EAF1259012B38047F1/..\..\cores\Seeeduino_samd_seeed_XIAO_m0_58b8410a5acda13f3e9a82a2ea43902b\core.a(SERCOM.cpp.o)
                0x00002960                SERCOM::initUART(SercomUartMode, SercomUartSampleRate, unsigned long)
 .text._ZN7Serial_17availableForWriteEv
                0x000029cc        0x4 C:\Users\brett\AppData\Local\arduino\sketches\3523EA022704F1EAF1259012B38047F1/..\..\cores\Seeeduino_samd_seeed_XIAO_m0_58b8410a5acda13f3e9a82a2ea43902b\core.a(CDC.cpp.o)
                0x000029cc                Serial_::availableForWrite()
 .text._ZN7Serial_5writeEh
                0x000029d0       0x14 C:\Users\brett\AppData\Local\arduino\sketches\3523EA022704F1EAF1259012B38047F1/..\..\cores\Seeeduino_samd_seeed_XIAO_m0_58b8410a5acda13f3e9a82a2ea43902b\core.a(CDC.cpp.o)
                0x000029d0                Serial_::write(unsigned char)
 .text._ZN7Serial_9availableEv
                0x000029e4       0x1c C:\Users\brett\AppData\Local\arduino\sketches\3523EA022704F1EAF1259012B38047F1/..\..\cores\Seeeduino_samd_seeed_XIAO_m0_58b8410a5acda13f3e9a82a2ea43902b\core.a(CDC.cpp.o)
                0x000029e4                Serial_::available()
 .text._ZN7Serial_5flushEv
                0x00002a00        0xc C:\Users\brett\AppData\Local\arduino\sketches\3523EA022704F1EAF1259012B38047F1/..\..\cores\Seeeduino_samd_seeed_XIAO_m0_58b8410a5acda13f3e9a82a2ea43902b\core.a(CDC.cpp.o)
                0x00002a00                Serial_::flush()
 .text._ZN7Serial_5clearEv
                0x00002a0c        0xc C:\Users\brett\AppData\Local\arduino\sketches\3523EA022704F1EAF1259012B38047F1/..\..\cores\Seeeduino_samd_seeed_XIAO_m0_58b8410a5acda13f3e9a82a2ea43902b\core.a(CDC.cpp.o)
                0x00002a0c                Serial_::clear()
 .text._ZN7Serial_4peekEv
                0x00002a18       0x1c C:\Users\brett\AppData\Local\arduino\sketches\3523EA022704F1EAF1259012B38047F1/..\..\cores\Seeeduino_samd_seeed_XIAO_m0_58b8410a5acda13f3e9a82a2ea43902b\core.a(CDC.cpp.o)
                0x00002a18                Serial_::peek()
 .text._ZN7Serial_4readEv
                0x00002a34       0x24 C:\Users\brett\AppData\Local\arduino\sketches\3523EA022704F1EAF1259012B38047F1/..\..\cores\Seeeduino_samd_seeed_XIAO_m0_58b8410a5acda13f3e9a82a2ea43902b\core.a(CDC.cpp.o)
                0x00002a34                Serial_::read()
 .text._ZN7Serial_5writeEPKhj
                0x00002a58       0x30 C:\Users\brett\AppData\Local\arduino\sketches\3523EA022704F1EAF1259012B38047F1/..\..\cores\Seeeduino_samd_seeed_XIAO_m0_58b8410a5acda13f3e9a82a2ea43902b\core.a(CDC.cpp.o)
                0x00002a58                Serial_::write(unsigned char const*, unsigned int)
 .text._Z16CDC_GetInterfacePh
                0x00002a88       0x1c C:\Users\brett\AppData\Local\arduino\sketches\3523EA022704F1EAF1259012B38047F1/..\..\cores\Seeeduino_samd_seeed_XIAO_m0_58b8410a5acda13f3e9a82a2ea43902b\core.a(CDC.cpp.o)
                0x00002a88                CDC_GetInterface(unsigned char*)
 .text._Z9CDC_SetupR8USBSetup
                0x00002aa4       0x7c C:\Users\brett\AppData\Local\arduino\sketches\3523EA022704F1EAF1259012B38047F1/..\..\cores\Seeeduino_samd_seeed_XIAO_m0_58b8410a5acda13f3e9a82a2ea43902b\core.a(CDC.cpp.o)
                0x00002aa4                CDC_Setup(USBSetup&)
 .text._ZN7Serial_5beginEm
                0x00002b20        0x6 C:\Users\brett\AppData\Local\arduino\sketches\3523EA022704F1EAF1259012B38047F1/..\..\cores\Seeeduino_samd_seeed_XIAO_m0_58b8410a5acda13f3e9a82a2ea43902b\core.a(CDC.cpp.o)
                0x00002b20                Serial_::begin(unsigned long)
 *fill*         0x00002b26        0x2 
 .text._ZN7Serial_cvbEv
                0x00002b28       0x34 C:\Users\brett\AppData\Local\arduino\sketches\3523EA022704F1EAF1259012B38047F1/..\..\cores\Seeeduino_samd_seeed_XIAO_m0_58b8410a5acda13f3e9a82a2ea43902b\core.a(CDC.cpp.o)
                0x00002b28                Serial_::operator bool()
 .text.startup._GLOBAL__sub_I__Z17_CDC_GetInterfacev
                0x00002b5c       0x28 C:\Users\brett\AppData\Local\arduino\sketches\3523EA022704F1EAF1259012B38047F1/..\..\cores\Seeeduino_samd_seeed_XIAO_m0_58b8410a5acda13f3e9a82a2ea43902b\core.a(CDC.cpp.o)
 .text._ZN26DoubleBufferedEPOutHandlerD2Ev
                0x00002b84        0x2 C:\Users\brett\AppData\Local\arduino\sketches\3523EA022704F1EAF1259012B38047F1/..\..\cores\Seeeduino_samd_seeed_XIAO_m0_58b8410a5acda13f3e9a82a2ea43902b\core.a(USBCore.cpp.o)
                0x00002b84                DoubleBufferedEPOutHandler::~DoubleBufferedEPOutHandler()
                0x00002b84                DoubleBufferedEPOutHandler::~DoubleBufferedEPOutHandler()
 .text._ZN26DoubleBufferedEPOutHandler4initEv
                0x00002b86        0x2 C:\Users\brett\AppData\Local\arduino\sketches\3523EA022704F1EAF1259012B38047F1/..\..\cores\Seeeduino_samd_seeed_XIAO_m0_58b8410a5acda13f3e9a82a2ea43902b\core.a(USBCore.cpp.o)
                0x00002b86                DoubleBufferedEPOutHandler::init()
 .text._ZL5utox8mPc
                0x00002b88       0x24 C:\Users\brett\AppData\Local\arduino\sketches\3523EA022704F1EAF1259012B38047F1/..\..\cores\Seeeduino_samd_seeed_XIAO_m0_58b8410a5acda13f3e9a82a2ea43902b\core.a(USBCore.cpp.o)
 .text._ZN26DoubleBufferedEPOutHandlerD0Ev
                0x00002bac       0x10 C:\Users\brett\AppData\Local\arduino\sketches\3523EA022704F1EAF1259012B38047F1/..\..\cores\Seeeduino_samd_seeed_XIAO_m0_58b8410a5acda13f3e9a82a2ea43902b\core.a(USBCore.cpp.o)
                0x00002bac                DoubleBufferedEPOutHandler::~DoubleBufferedEPOutHandler()
 .text._ZN14USBDeviceClass6initEPEmm.part.8
                0x00002bbc       0xe0 C:\Users\brett\AppData\Local\arduino\sketches\3523EA022704F1EAF1259012B38047F1/..\..\cores\Seeeduino_samd_seeed_XIAO_m0_58b8410a5acda13f3e9a82a2ea43902b\core.a(USBCore.cpp.o)
 .text._ZN7__GuardC2Ev
                0x00002c9c        0xe C:\Users\brett\AppData\Local\arduino\sketches\3523EA022704F1EAF1259012B38047F1/..\..\cores\Seeeduino_samd_seeed_XIAO_m0_58b8410a5acda13f3e9a82a2ea43902b\core.a(USBCore.cpp.o)
                0x00002c9c                __Guard::__Guard()
                0x00002c9c                __Guard::__Guard()
 .text._ZN7__GuardD2Ev
                0x00002caa        0xe C:\Users\brett\AppData\Local\arduino\sketches\3523EA022704F1EAF1259012B38047F1/..\..\cores\Seeeduino_samd_seeed_XIAO_m0_58b8410a5acda13f3e9a82a2ea43902b\core.a(USBCore.cpp.o)
                0x00002caa                __Guard::~__Guard()
                0x00002caa                __Guard::~__Guard()
 .text._ZNK26DoubleBufferedEPOutHandler10_availableEv
                0x00002cb8       0x6a C:\Users\brett\AppData\Local\arduino\sketches\3523EA022704F1EAF1259012B38047F1/..\..\cores\Seeeduino_samd_seeed_XIAO_m0_58b8410a5acda13f3e9a82a2ea43902b\core.a(USBCore.cpp.o)
                0x00002cb8                DoubleBufferedEPOutHandler::_available() const
 *fill*         0x00002d22        0x2 
 .text._ZN26DoubleBufferedEPOutHandler7releaseEv
                0x00002d24       0x3c C:\Users\brett\AppData\Local\arduino\sketches\3523EA022704F1EAF1259012B38047F1/..\..\cores\Seeeduino_samd_seeed_XIAO_m0_58b8410a5acda13f3e9a82a2ea43902b\core.a(USBCore.cpp.o)
                0x00002d24                DoubleBufferedEPOutHandler::release()
 .text._ZN26DoubleBufferedEPOutHandler14handleEndpointEv
                0x00002d60       0xdc C:\Users\brett\AppData\Local\arduino\sketches\3523EA022704F1EAF1259012B38047F1/..\..\cores\Seeeduino_samd_seeed_XIAO_m0_58b8410a5acda13f3e9a82a2ea43902b\core.a(USBCore.cpp.o)
                0x00002d60                DoubleBufferedEPOutHandler::handleEndpoint()
 .text._ZN26DoubleBufferedEPOutHandler5_recvEv
                0x00002e3c      0x184 C:\Users\brett\AppData\Local\arduino\sketches\3523EA022704F1EAF1259012B38047F1/..\..\cores\Seeeduino_samd_seeed_XIAO_m0_58b8410a5acda13f3e9a82a2ea43902b\core.a(USBCore.cpp.o)
                0x00002e3c                DoubleBufferedEPOutHandler::_recv()
 .text._ZN26DoubleBufferedEPOutHandler4peekEv
                0x00002fc0       0x22 C:\Users\brett\AppData\Local\arduino\sketches\3523EA022704F1EAF1259012B38047F1/..\..\cores\Seeeduino_samd_seeed_XIAO_m0_58b8410a5acda13f3e9a82a2ea43902b\core.a(USBCore.cpp.o)
                0x00002fc0                DoubleBufferedEPOutHandler::peek()
 .text._ZN26DoubleBufferedEPOutHandler9availableEv
                0x00002fe2       0x18 C:\Users\brett\AppData\Local\arduino\sketches\3523EA022704F1EAF1259012B38047F1/..\..\cores\Seeeduino_samd_seeed_XIAO_m0_58b8410a5acda13f3e9a82a2ea43902b\core.a(USBCore.cpp.o)
                0x00002fe2                DoubleBufferedEPOutHandler::available()
 .text._ZN26DoubleBufferedEPOutHandler4recvEPvm
                0x00002ffa       0x72 C:\Users\brett\AppData\Local\arduino\sketches\3523EA022704F1EAF1259012B38047F1/..\..\cores\Seeeduino_samd_seeed_XIAO_m0_58b8410a5acda13f3e9a82a2ea43902b\core.a(USBCore.cpp.o)
                0x00002ffa                DoubleBufferedEPOutHandler::recv(void*, unsigned long)
 .text._ZN14USBDeviceClass14SendInterfacesEPm
                0x0000306c       0x2c C:\Users\brett\AppData\Local\arduino\sketches\3523EA022704F1EAF1259012B38047F1/..\..\cores\Seeeduino_samd_seeed_XIAO_m0_58b8410a5acda13f3e9a82a2ea43902b\core.a(USBCore.cpp.o)
                0x0000306c                USBDeviceClass::SendInterfaces(unsigned long*)
 .text._ZN14USBDeviceClass14handleEndpointEh
                0x00003098       0x48 C:\Users\brett\AppData\Local\arduino\sketches\3523EA022704F1EAF1259012B38047F1/..\..\cores\Seeeduino_samd_seeed_XIAO_m0_58b8410a5acda13f3e9a82a2ea43902b\core.a(USBCore.cpp.o)
                0x00003098                USBDeviceClass::handleEndpoint(unsigned char)
 .text._ZN14USBDeviceClass4initEv
                0x000030e0      0x110 C:\Users\brett\AppData\Local\arduino\sketches\3523EA022704F1EAF1259012B38047F1/..\..\cores\Seeeduino_samd_seeed_XIAO_m0_58b8410a5acda13f3e9a82a2ea43902b\core.a(USBCore.cpp.o)
                0x000030e0                USBDeviceClass::init()
 .text._ZN14USBDeviceClass6attachEv
                0x000031f0       0x34 C:\Users\brett\AppData\Local\arduino\sketches\3523EA022704F1EAF1259012B38047F1/..\..\cores\Seeeduino_samd_seeed_XIAO_m0_58b8410a5acda13f3e9a82a2ea43902b\core.a(USBCore.cpp.o)
                0x000031f0                USBDeviceClass::attach()
 .text._ZN14USBDeviceClass10setAddressEm
                0x00003224       0x48 C:\Users\brett\AppData\Local\arduino\sketches\3523EA022704F1EAF1259012B38047F1/..\..\cores\Seeeduino_samd_seeed_XIAO_m0_58b8410a5acda13f3e9a82a2ea43902b\core.a(USBCore.cpp.o)
                0x00003224                USBDeviceClass::setAddress(unsigned long)
 .text._ZN14USBDeviceClass25handleClassInterfaceSetupER8USBSetup
                0x0000326c       0x44 C:\Users\brett\AppData\Local\arduino\sketches\3523EA022704F1EAF1259012B38047F1/..\..\cores\Seeeduino_samd_seeed_XIAO_m0_58b8410a5acda13f3e9a82a2ea43902b\core.a(USBCore.cpp.o)
                0x0000326c                USBDeviceClass::handleClassInterfaceSetup(USBSetup&)
 .text._ZN14USBDeviceClass6initEPEmm
                0x000032b0      0x12c C:\Users\brett\AppData\Local\arduino\sketches\3523EA022704F1EAF1259012B38047F1/..\..\cores\Seeeduino_samd_seeed_XIAO_m0_58b8410a5acda13f3e9a82a2ea43902b\core.a(USBCore.cpp.o)
                0x000032b0                USBDeviceClass::initEP(unsigned long, unsigned long)
 .text._ZN14USBDeviceClass13initEndpointsEv
                0x000033dc       0x24 C:\Users\brett\AppData\Local\arduino\sketches\3523EA022704F1EAF1259012B38047F1/..\..\cores\Seeeduino_samd_seeed_XIAO_m0_58b8410a5acda13f3e9a82a2ea43902b\core.a(USBCore.cpp.o)
                0x000033dc                USBDeviceClass::initEndpoints()
 .text._ZN14USBDeviceClass5clearEm
                0x00003400       0x38 C:\Users\brett\AppData\Local\arduino\sketches\3523EA022704F1EAF1259012B38047F1/..\..\cores\Seeeduino_samd_seeed_XIAO_m0_58b8410a5acda13f3e9a82a2ea43902b\core.a(USBCore.cpp.o)
                0x00003400                USBDeviceClass::clear(unsigned long)
 .text._ZN14USBDeviceClass9availableEm
                0x00003438       0x2c C:\Users\brett\AppData\Local\arduino\sketches\3523EA022704F1EAF1259012B38047F1/..\..\cores\Seeeduino_samd_seeed_XIAO_m0_58b8410a5acda13f3e9a82a2ea43902b\core.a(USBCore.cpp.o)
                0x00003438                USBDeviceClass::available(unsigned long)
 .text._ZN14USBDeviceClass5flushEm
                0x00003464       0x2c C:\Users\brett\AppData\Local\arduino\sketches\3523EA022704F1EAF1259012B38047F1/..\..\cores\Seeeduino_samd_seeed_XIAO_m0_58b8410a5acda13f3e9a82a2ea43902b\core.a(USBCore.cpp.o)
                0x00003464                USBDeviceClass::flush(unsigned long)
 .text._ZN14USBDeviceClass14armRecvCtrlOUTEm
                0x00003490       0x5c C:\Users\brett\AppData\Local\arduino\sketches\3523EA022704F1EAF1259012B38047F1/..\..\cores\Seeeduino_samd_seeed_XIAO_m0_58b8410a5acda13f3e9a82a2ea43902b\core.a(USBCore.cpp.o)
                0x00003490                USBDeviceClass::armRecvCtrlOUT(unsigned long)
 .text._ZN14USBDeviceClass11recvControlEPvm
                0x000034ec       0x3c C:\Users\brett\AppData\Local\arduino\sketches\3523EA022704F1EAF1259012B38047F1/..\..\cores\Seeeduino_samd_seeed_XIAO_m0_58b8410a5acda13f3e9a82a2ea43902b\core.a(USBCore.cpp.o)
                0x000034ec                USBDeviceClass::recvControl(void*, unsigned long)
 .text._ZN14USBDeviceClass7armRecvEm
                0x00003528       0x38 C:\Users\brett\AppData\Local\arduino\sketches\3523EA022704F1EAF1259012B38047F1/..\..\cores\Seeeduino_samd_seeed_XIAO_m0_58b8410a5acda13f3e9a82a2ea43902b\core.a(USBCore.cpp.o)
                0x00003528                USBDeviceClass::armRecv(unsigned long)
 .text._ZN14USBDeviceClass4recvEmPvm
                0x00003560       0xd8 C:\Users\brett\AppData\Local\arduino\sketches\3523EA022704F1EAF1259012B38047F1/..\..\cores\Seeeduino_samd_seeed_XIAO_m0_58b8410a5acda13f3e9a82a2ea43902b\core.a(USBCore.cpp.o)
                0x00003560                USBDeviceClass::recv(unsigned long, void*, unsigned long)
 .text._ZN14USBDeviceClass4recvEm
                0x00003638       0x1c C:\Users\brett\AppData\Local\arduino\sketches\3523EA022704F1EAF1259012B38047F1/..\..\cores\Seeeduino_samd_seeed_XIAO_m0_58b8410a5acda13f3e9a82a2ea43902b\core.a(USBCore.cpp.o)
                0x00003638                USBDeviceClass::recv(unsigned long)
 .text._ZN14USBDeviceClass4sendEmPKvm
                0x00003654      0x110 C:\Users\brett\AppData\Local\arduino\sketches\3523EA022704F1EAF1259012B38047F1/..\..\cores\Seeeduino_samd_seeed_XIAO_m0_58b8410a5acda13f3e9a82a2ea43902b\core.a(USBCore.cpp.o)
                0x00003654                USBDeviceClass::send(unsigned long, void const*, unsigned long)
 .text._ZN14USBDeviceClass7armSendEmPKvm
                0x00003764       0x48 C:\Users\brett\AppData\Local\arduino\sketches\3523EA022704F1EAF1259012B38047F1/..\..\cores\Seeeduino_samd_seeed_XIAO_m0_58b8410a5acda13f3e9a82a2ea43902b\core.a(USBCore.cpp.o)
                0x00003764                USBDeviceClass::armSend(unsigned long, void const*, unsigned long)
 .text._ZN14USBDeviceClass11sendControlEPKvm
                0x000037ac       0x54 C:\Users\brett\AppData\Local\arduino\sketches\3523EA022704F1EAF1259012B38047F1/..\..\cores\Seeeduino_samd_seeed_XIAO_m0_58b8410a5acda13f3e9a82a2ea43902b\core.a(USBCore.cpp.o)
                0x000037ac                USBDeviceClass::sendControl(void const*, unsigned long)
 .text._ZN14USBDeviceClass20sendStringDescriptorEPKhh
                0x00003800       0x68 C:\Users\brett\AppData\Local\arduino\sketches\3523EA022704F1EAF1259012B38047F1/..\..\cores\Seeeduino_samd_seeed_XIAO_m0_58b8410a5acda13f3e9a82a2ea43902b\core.a(USBCore.cpp.o)
                0x00003800                USBDeviceClass::sendStringDescriptor(unsigned char const*, unsigned char)
 .text._ZN14USBDeviceClass17sendConfigurationEm
                0x00003868       0x80 C:\Users\brett\AppData\Local\arduino\sketches\3523EA022704F1EAF1259012B38047F1/..\..\cores\Seeeduino_samd_seeed_XIAO_m0_58b8410a5acda13f3e9a82a2ea43902b\core.a(USBCore.cpp.o)
                0x00003868                USBDeviceClass::sendConfiguration(unsigned long)
 .text._ZN14USBDeviceClass14sendDescriptorER8USBSetup
                0x000038e8       0xf0 C:\Users\brett\AppData\Local\arduino\sketches\3523EA022704F1EAF1259012B38047F1/..\..\cores\Seeeduino_samd_seeed_XIAO_m0_58b8410a5acda13f3e9a82a2ea43902b\core.a(USBCore.cpp.o)
                0x000038e8                USBDeviceClass::sendDescriptor(USBSetup&)
 .text._ZN14USBDeviceClass19handleStandardSetupER8USBSetup
                0x000039d8      0x104 C:\Users\brett\AppData\Local\arduino\sketches\3523EA022704F1EAF1259012B38047F1/..\..\cores\Seeeduino_samd_seeed_XIAO_m0_58b8410a5acda13f3e9a82a2ea43902b\core.a(USBCore.cpp.o)
                0x000039d8                USBDeviceClass::handleStandardSetup(USBSetup&)
 .text._ZN14USBDeviceClass10ISRHandlerEv
                0x00003adc      0x140 C:\Users\brett\AppData\Local\arduino\sketches\3523EA022704F1EAF1259012B38047F1/..\..\cores\Seeeduino_samd_seeed_XIAO_m0_58b8410a5acda13f3e9a82a2ea43902b\core.a(USBCore.cpp.o)
                0x00003adc                USBDeviceClass::ISRHandler()
 .text.UDD_Handler
                0x00003c1c       0x10 C:\Users\brett\AppData\Local\arduino\sketches\3523EA022704F1EAF1259012B38047F1/..\..\cores\Seeeduino_samd_seeed_XIAO_m0_58b8410a5acda13f3e9a82a2ea43902b\core.a(USBCore.cpp.o)
                0x00003c1c                UDD_Handler
 .text.startup._GLOBAL__sub_I_usbd
                0x00003c2c       0x10 C:\Users\brett\AppData\Local\arduino\sketches\3523EA022704F1EAF1259012B38047F1/..\..\cores\Seeeduino_samd_seeed_XIAO_m0_58b8410a5acda13f3e9a82a2ea43902b\core.a(USBCore.cpp.o)
 .text._ZN4UartcvbEv
                0x00003c3c        0x4 C:\Users\brett\AppData\Local\arduino\sketches\3523EA022704F1EAF1259012B38047F1/..\..\cores\Seeeduino_samd_seeed_XIAO_m0_58b8410a5acda13f3e9a82a2ea43902b\core.a(Uart.cpp.o)
                0x00003c3c                Uart::operator bool()
 .text._ZN4Uart5beginEm
                0x00003c40       0x10 C:\Users\brett\AppData\Local\arduino\sketches\3523EA022704F1EAF1259012B38047F1/..\..\cores\Seeeduino_samd_seeed_XIAO_m0_58b8410a5acda13f3e9a82a2ea43902b\core.a(Uart.cpp.o)
                0x00003c40                Uart::begin(unsigned long)
 .text._ZN4Uart4peekEv
                0x00003c50       0x1a C:\Users\brett\AppData\Local\arduino\sketches\3523EA022704F1EAF1259012B38047F1/..\..\cores\Seeeduino_samd_seeed_XIAO_m0_58b8410a5acda13f3e9a82a2ea43902b\core.a(Uart.cpp.o)
                0x00003c50                Uart::peek()
 .text._ZN4Uart3endEv
                0x00003c6a       0x20 C:\Users\brett\AppData\Local\arduino\sketches\3523EA022704F1EAF1259012B38047F1/..\..\cores\Seeeduino_samd_seeed_XIAO_m0_58b8410a5acda13f3e9a82a2ea43902b\core.a(Uart.cpp.o)
                0x00003c6a                Uart::end()
 .text._ZN4Uart16extractNbStopBitEt
                0x00003c8a        0xc C:\Users\brett\AppData\Local\arduino\sketches\3523EA022704F1EAF1259012B38047F1/..\..\cores\Seeeduino_samd_seeed_XIAO_m0_58b8410a5acda13f3e9a82a2ea43902b\core.a(Uart.cpp.o)
                0x00003c8a                Uart::extractNbStopBit(unsigned short)
 .text._ZN4Uart15extractCharSizeEt
                0x00003c96       0x28 C:\Users\brett\AppData\Local\arduino\sketches\3523EA022704F1EAF1259012B38047F1/..\..\cores\Seeeduino_samd_seeed_XIAO_m0_58b8410a5acda13f3e9a82a2ea43902b\core.a(Uart.cpp.o)
                0x00003c96                Uart::extractCharSize(unsigned short)
 .text._ZN4Uart13extractParityEt
                0x00003cbe       0x14 C:\Users\brett\AppData\Local\arduino\sketches\3523EA022704F1EAF1259012B38047F1/..\..\cores\Seeeduino_samd_seeed_XIAO_m0_58b8410a5acda13f3e9a82a2ea43902b\core.a(Uart.cpp.o)
                0x00003cbe                Uart::extractParity(unsigned short)
 *fill*         0x00003cd2        0x2 
 .text._ZN4Uart5beginEmt
                0x00003cd4       0xf8 C:\Users\brett\AppData\Local\arduino\sketches\3523EA022704F1EAF1259012B38047F1/..\..\cores\Seeeduino_samd_seeed_XIAO_m0_58b8410a5acda13f3e9a82a2ea43902b\core.a(Uart.cpp.o)
                0x00003cd4                Uart::begin(unsigned long, unsigned short)
 .text._ZN11RingBufferNILi256EEC2Ev
                0x00003dcc       0x1c C:\Users\brett\AppData\Local\arduino\sketches\3523EA022704F1EAF1259012B38047F1/..\..\cores\Seeeduino_samd_seeed_XIAO_m0_58b8410a5acda13f3e9a82a2ea43902b\core.a(Uart.cpp.o)
                0x00003dcc                RingBufferN<256>::RingBufferN()
                0x00003dcc                RingBufferN<256>::RingBufferN()
 .text._ZN4UartC2EP6SERCOMhh11SercomRXPad15SercomUartTXPad
                0x00003de8       0x74 C:\Users\brett\AppData\Local\arduino\sketches\3523EA022704F1EAF1259012B38047F1/..\..\cores\Seeeduino_samd_seeed_XIAO_m0_58b8410a5acda13f3e9a82a2ea43902b\core.a(Uart.cpp.o)
                0x00003de8                Uart::Uart(SERCOM*, unsigned char, unsigned char, SercomRXPad, SercomUartTXPad)
                0x00003de8                Uart::Uart(SERCOM*, unsigned char, unsigned char, SercomRXPad, SercomUartTXPad)
 .text._ZN11RingBufferNILi256EE17availableForStoreEv
                0x00003e5c       0x20 C:\Users\brett\AppData\Local\arduino\sketches\3523EA022704F1EAF1259012B38047F1/..\..\cores\Seeeduino_samd_seeed_XIAO_m0_58b8410a5acda13f3e9a82a2ea43902b\core.a(Uart.cpp.o)
                0x00003e5c                RingBufferN<256>::availableForStore()
 .text._ZN4Uart17availableForWriteEv
                0x00003e7c        0xc C:\Users\brett\AppData\Local\arduino\sketches\3523EA022704F1EAF1259012B38047F1/..\..\cores\Seeeduino_samd_seeed_XIAO_m0_58b8410a5acda13f3e9a82a2ea43902b\core.a(Uart.cpp.o)
                0x00003e7c                Uart::availableForWrite()
 .text._ZN4Uart4readEv
                0x00003e88       0x4c C:\Users\brett\AppData\Local\arduino\sketches\3523EA022704F1EAF1259012B38047F1/..\..\cores\Seeeduino_samd_seeed_XIAO_m0_58b8410a5acda13f3e9a82a2ea43902b\core.a(Uart.cpp.o)
                0x00003e88                Uart::read()
 .text._ZN11RingBufferNILi256EE9availableEv
                0x00003ed4       0x12 C:\Users\brett\AppData\Local\arduino\sketches\3523EA022704F1EAF1259012B38047F1/..\..\cores\Seeeduino_samd_seeed_XIAO_m0_58b8410a5acda13f3e9a82a2ea43902b\core.a(Uart.cpp.o)
                0x00003ed4                RingBufferN<256>::available()
 .text._ZN4Uart5flushEv
                0x00003ee6       0x1a C:\Users\brett\AppData\Local\arduino\sketches\3523EA022704F1EAF1259012B38047F1/..\..\cores\Seeeduino_samd_seeed_XIAO_m0_58b8410a5acda13f3e9a82a2ea43902b\core.a(Uart.cpp.o)
                0x00003ee6                Uart::flush()
 .text._ZN4Uart9availableEv
                0x00003f00        0xa C:\Users\brett\AppData\Local\arduino\sketches\3523EA022704F1EAF1259012B38047F1/..\..\cores\Seeeduino_samd_seeed_XIAO_m0_58b8410a5acda13f3e9a82a2ea43902b\core.a(Uart.cpp.o)
                0x00003f00                Uart::available()
 .text._ZN4Uart10IrqHandlerEv
                0x00003f0a       0xcc C:\Users\brett\AppData\Local\arduino\sketches\3523EA022704F1EAF1259012B38047F1/..\..\cores\Seeeduino_samd_seeed_XIAO_m0_58b8410a5acda13f3e9a82a2ea43902b\core.a(Uart.cpp.o)
                0x00003f0a                Uart::IrqHandler()
 *fill*         0x00003fd6        0x2 
 .text._ZN4Uart5writeEh
                0x00003fd8       0xb4 C:\Users\brett\AppData\Local\arduino\sketches\3523EA022704F1EAF1259012B38047F1/..\..\cores\Seeeduino_samd_seeed_XIAO_m0_58b8410a5acda13f3e9a82a2ea43902b\core.a(Uart.cpp.o)
                0x00003fd8                Uart::write(unsigned char)
 .text._ZN6StringD2Ev
                0x0000408c        0xe C:\Users\brett\AppData\Local\arduino\sketches\3523EA022704F1EAF1259012B38047F1/..\..\cores\Seeeduino_samd_seeed_XIAO_m0_58b8410a5acda13f3e9a82a2ea43902b\core.a(WString.cpp.o)
                0x0000408c                String::~String()
                0x0000408c                String::~String()
 .text._ZN6String10invalidateEv
                0x0000409a       0x18 C:\Users\brett\AppData\Local\arduino\sketches\3523EA022704F1EAF1259012B38047F1/..\..\cores\Seeeduino_samd_seeed_XIAO_m0_58b8410a5acda13f3e9a82a2ea43902b\core.a(WString.cpp.o)
                0x0000409a                String::invalidate()
 .text._ZN6String12changeBufferEj
                0x000040b2       0x18 C:\Users\brett\AppData\Local\arduino\sketches\3523EA022704F1EAF1259012B38047F1/..\..\cores\Seeeduino_samd_seeed_XIAO_m0_58b8410a5acda13f3e9a82a2ea43902b\core.a(WString.cpp.o)
                0x000040b2                String::changeBuffer(unsigned int)
 .text._ZN6String7reserveEj
                0x000040ca       0x2a C:\Users\brett\AppData\Local\arduino\sketches\3523EA022704F1EAF1259012B38047F1/..\..\cores\Seeeduino_samd_seeed_XIAO_m0_58b8410a5acda13f3e9a82a2ea43902b\core.a(WString.cpp.o)
                0x000040ca                String::reserve(unsigned int)
 .text._ZN6String4copyEPKcj
                0x000040f4       0x28 C:\Users\brett\AppData\Local\arduino\sketches\3523EA022704F1EAF1259012B38047F1/..\..\cores\Seeeduino_samd_seeed_XIAO_m0_58b8410a5acda13f3e9a82a2ea43902b\core.a(WString.cpp.o)
                0x000040f4                String::copy(char const*, unsigned int)
 .text._ZN6StringC2EPKc
                0x0000411c       0x26 C:\Users\brett\AppData\Local\arduino\sketches\3523EA022704F1EAF1259012B38047F1/..\..\cores\Seeeduino_samd_seeed_XIAO_m0_58b8410a5acda13f3e9a82a2ea43902b\core.a(WString.cpp.o)
                0x0000411c                String::String(char const*)
                0x0000411c                String::String(char const*)
 .text._ZN6StringaSEPKc.part.3
                0x00004142       0x18 C:\Users\brett\AppData\Local\arduino\sketches\3523EA022704F1EAF1259012B38047F1/..\..\cores\Seeeduino_samd_seeed_XIAO_m0_58b8410a5acda13f3e9a82a2ea43902b\core.a(WString.cpp.o)
 .text._ZN6StringC2Eih
                0x0000415a       0x24 C:\Users\brett\AppData\Local\arduino\sketches\3523EA022704F1EAF1259012B38047F1/..\..\cores\Seeeduino_samd_seeed_XIAO_m0_58b8410a5acda13f3e9a82a2ea43902b\core.a(WString.cpp.o)
                0x0000415a                String::String(int, unsigned char)
                0x0000415a                String::String(int, unsigned char)
 .text._ZN6StringaSERKS_
                0x0000417e       0x20 C:\Users\brett\AppData\Local\arduino\sketches\3523EA022704F1EAF1259012B38047F1/..\..\cores\Seeeduino_samd_seeed_XIAO_m0_58b8410a5acda13f3e9a82a2ea43902b\core.a(WString.cpp.o)
                0x0000417e                String::operator=(String const&)
 .text._ZN6String6concatEPKcj
                0x0000419e       0x32 C:\Users\brett\AppData\Local\arduino\sketches\3523EA022704F1EAF1259012B38047F1/..\..\cores\Seeeduino_samd_seeed_XIAO_m0_58b8410a5acda13f3e9a82a2ea43902b\core.a(WString.cpp.o)
                0x0000419e                String::concat(char const*, unsigned int)
 .text._ZN6String6concatEPKc
                0x000041d0       0x1e C:\Users\brett\AppData\Local\arduino\sketches\3523EA022704F1EAF1259012B38047F1/..\..\cores\Seeeduino_samd_seeed_XIAO_m0_58b8410a5acda13f3e9a82a2ea43902b\core.a(WString.cpp.o)
                0x000041d0                String::concat(char const*)
 .text._ZplRK15StringSumHelperRK6String
                0x000041ee       0x1a C:\Users\brett\AppData\Local\arduino\sketches\3523EA022704F1EAF1259012B38047F1/..\..\cores\Seeeduino_samd_seeed_XIAO_m0_58b8410a5acda13f3e9a82a2ea43902b\core.a(WString.cpp.o)
                0x000041ee                operator+(StringSumHelper const&, String const&)
 .text.Dummy_Handler
                0x00004208        0x2 C:\Users\brett\AppData\Local\arduino\sketches\3523EA022704F1EAF1259012B38047F1/..\..\cores\Seeeduino_samd_seeed_XIAO_m0_58b8410a5acda13f3e9a82a2ea43902b\core.a(cortex_handlers.c.o)
                0x00004208                DMAC_Handler
                0x00004208                HardFault_Handler
                0x00004208                AC_Handler
                0x00004208                PendSV_Handler
                0x00004208                NMI_Handler
                0x00004208                TC7_Handler
                0x00004208                SERCOM1_Handler
                0x00004208                ADC_Handler
                0x00004208                TCC1_Handler
                0x00004208                SERCOM2_Handler
                0x00004208                TCC0_Handler
                0x00004208                RTC_Handler
                0x00004208                EIC_Handler
                0x00004208                TC6_Handler
                0x00004208                WDT_Handler
                0x00004208                TC4_Handler
                0x00004208                TC3_Handler
                0x00004208                Dummy_Handler
                0x00004208                PM_Handler
                0x00004208                SERCOM5_Handler
                0x00004208                SVC_Handler
                0x00004208                TCC2_Handler
                0x00004208                EVSYS_Handler
                0x00004208                SERCOM3_Handler
                0x00004208                I2S_Handler
                0x00004208                NVMCTRL_Handler
                0x00004208                SERCOM0_Handler
                0x00004208                DAC_Handler
                0x00004208                PTC_Handler
                0x00004208                SYSCTRL_Handler
 *fill*         0x0000420a        0x2 
 .text.USB_Handler
                0x0000420c       0x14 C:\Users\brett\AppData\Local\arduino\sketches\3523EA022704F1EAF1259012B38047F1/..\..\cores\Seeeduino_samd_seeed_XIAO_m0_58b8410a5acda13f3e9a82a2ea43902b\core.a(cortex_handlers.c.o)
                0x0000420c                USB_Handler
 .text.Reset_Handler
                0x00004220       0x54 C:\Users\brett\AppData\Local\arduino\sketches\3523EA022704F1EAF1259012B38047F1/..\..\cores\Seeeduino_samd_seeed_XIAO_m0_58b8410a5acda13f3e9a82a2ea43902b\core.a(cortex_handlers.c.o)
                0x00004220                Reset_Handler
 .text.SysTick_Handler
                0x00004274       0x10 C:\Users\brett\AppData\Local\arduino\sketches\3523EA022704F1EAF1259012B38047F1/..\..\cores\Seeeduino_samd_seeed_XIAO_m0_58b8410a5acda13f3e9a82a2ea43902b\core.a(cortex_handlers.c.o)
                0x00004274                SysTick_Handler
 .text.USB_SetHandler
                0x00004284        0xc C:\Users\brett\AppData\Local\arduino\sketches\3523EA022704F1EAF1259012B38047F1/..\..\cores\Seeeduino_samd_seeed_XIAO_m0_58b8410a5acda13f3e9a82a2ea43902b\core.a(cortex_handlers.c.o)
                0x00004284                USB_SetHandler
 .text.millis   0x00004290        0xc C:\Users\brett\AppData\Local\arduino\sketches\3523EA022704F1EAF1259012B38047F1/..\..\cores\Seeeduino_samd_seeed_XIAO_m0_58b8410a5acda13f3e9a82a2ea43902b\core.a(delay.c.o)
                0x00004290                millis
 .text.micros   0x0000429c       0x60 C:\Users\brett\AppData\Local\arduino\sketches\3523EA022704F1EAF1259012B38047F1/..\..\cores\Seeeduino_samd_seeed_XIAO_m0_58b8410a5acda13f3e9a82a2ea43902b\core.a(delay.c.o)
                0x0000429c                micros
 .text._real_delay
                0x000042fc       0x30 C:\Users\brett\AppData\Local\arduino\sketches\3523EA022704F1EAF1259012B38047F1/..\..\cores\Seeeduino_samd_seeed_XIAO_m0_58b8410a5acda13f3e9a82a2ea43902b\core.a(delay.c.o)
                0x000042fc                _real_delay
                0x000042fc                delay
 .text.SysTick_DefaultHandler
                0x0000432c       0x14 C:\Users\brett\AppData\Local\arduino\sketches\3523EA022704F1EAF1259012B38047F1/..\..\cores\Seeeduino_samd_seeed_XIAO_m0_58b8410a5acda13f3e9a82a2ea43902b\core.a(delay.c.o)
                0x0000432c                SysTick_DefaultHandler
 .text.__empty  0x00004340        0x2 C:\Users\brett\AppData\Local\arduino\sketches\3523EA022704F1EAF1259012B38047F1/..\..\cores\Seeeduino_samd_seeed_XIAO_m0_58b8410a5acda13f3e9a82a2ea43902b\core.a(hooks.c.o)
                0x00004340                yield
 .text.__false  0x00004342        0x4 C:\Users\brett\AppData\Local\arduino\sketches\3523EA022704F1EAF1259012B38047F1/..\..\cores\Seeeduino_samd_seeed_XIAO_m0_58b8410a5acda13f3e9a82a2ea43902b\core.a(hooks.c.o)
                0x00004342                sysTickHook
 .text.ltoa     0x00004346       0x72 C:\Users\brett\AppData\Local\arduino\sketches\3523EA022704F1EAF1259012B38047F1/..\..\cores\Seeeduino_samd_seeed_XIAO_m0_58b8410a5acda13f3e9a82a2ea43902b\core.a(itoa.c.o)
                0x00004346                ltoa
 .text.itoa     0x000043b8        0x8 C:\Users\brett\AppData\Local\arduino\sketches\3523EA022704F1EAF1259012B38047F1/..\..\cores\Seeeduino_samd_seeed_XIAO_m0_58b8410a5acda13f3e9a82a2ea43902b\core.a(itoa.c.o)
                0x000043b8                itoa
 .text._Z11initVariantv
                0x000043c0        0x2 C:\Users\brett\AppData\Local\arduino\sketches\3523EA022704F1EAF1259012B38047F1/..\..\cores\Seeeduino_samd_seeed_XIAO_m0_58b8410a5acda13f3e9a82a2ea43902b\core.a(main.cpp.o)
                0x000043c0                initVariant()
 *fill*         0x000043c2        0x2 
 .text._Z10_real_bodyv
                0x000043c4       0x20 C:\Users\brett\AppData\Local\arduino\sketches\3523EA022704F1EAF1259012B38047F1/..\..\cores\Seeeduino_samd_seeed_XIAO_m0_58b8410a5acda13f3e9a82a2ea43902b\core.a(main.cpp.o)
                0x000043c4                _real_body()
 .text._Z10_wrap_bodyv
                0x000043e4        0x6 C:\Users\brett\AppData\Local\arduino\sketches\3523EA022704F1EAF1259012B38047F1/..\..\cores\Seeeduino_samd_seeed_XIAO_m0_58b8410a5acda13f3e9a82a2ea43902b\core.a(main.cpp.o)
                0x000043e4                _wrap_body()
 *fill*         0x000043ea        0x2 
 .text.startup.main
                0x000043ec       0x30 C:\Users\brett\AppData\Local\arduino\sketches\3523EA022704F1EAF1259012B38047F1/..\..\cores\Seeeduino_samd_seeed_XIAO_m0_58b8410a5acda13f3e9a82a2ea43902b\core.a(main.cpp.o)
                0x000043ec                main
 .text._Znwj    0x0000441c        0x8 C:\Users\brett\AppData\Local\arduino\sketches\3523EA022704F1EAF1259012B38047F1/..\..\cores\Seeeduino_samd_seeed_XIAO_m0_58b8410a5acda13f3e9a82a2ea43902b\core.a(new.cpp.o)
                0x0000441c                operator new(unsigned int)
 .text._ZdlPv   0x00004424        0x8 C:\Users\brett\AppData\Local\arduino\sketches\3523EA022704F1EAF1259012B38047F1/..\..\cores\Seeeduino_samd_seeed_XIAO_m0_58b8410a5acda13f3e9a82a2ea43902b\core.a(new.cpp.o)
                0x00004424                operator delete(void*)
 .text._sbrk    0x0000442c       0x3c C:\Users\brett\AppData\Local\arduino\sketches\3523EA022704F1EAF1259012B38047F1/..\..\cores\Seeeduino_samd_seeed_XIAO_m0_58b8410a5acda13f3e9a82a2ea43902b\core.a(new.cpp.o)
                0x0000442c                _sbrk
 .text.SystemInit
                0x00004468      0x160 C:\Users\brett\AppData\Local\arduino\sketches\3523EA022704F1EAF1259012B38047F1/..\..\cores\Seeeduino_samd_seeed_XIAO_m0_58b8410a5acda13f3e9a82a2ea43902b\core.a(startup.c.o)
                0x00004468                SystemInit
 .text.init     0x000045c8       0xe0 C:\Users\brett\AppData\Local\arduino\sketches\3523EA022704F1EAF1259012B38047F1/..\..\cores\Seeeduino_samd_seeed_XIAO_m0_58b8410a5acda13f3e9a82a2ea43902b\core.a(wiring.c.o)
                0x000045c8                init
 .text.analogReference
                0x000046a8       0x88 C:\Users\brett\AppData\Local\arduino\sketches\3523EA022704F1EAF1259012B38047F1/..\..\cores\Seeeduino_samd_seeed_XIAO_m0_58b8410a5acda13f3e9a82a2ea43902b\core.a(wiring_analog.c.o)
                0x000046a8                analogReference
 .text.analogRead
                0x00004730       0xc4 C:\Users\brett\AppData\Local\arduino\sketches\3523EA022704F1EAF1259012B38047F1/..\..\cores\Seeeduino_samd_seeed_XIAO_m0_58b8410a5acda13f3e9a82a2ea43902b\core.a(wiring_analog.c.o)
                0x00004730                analogRead
 .text.pinMode  0x000047f4       0x60 C:\Users\brett\AppData\Local\arduino\sketches\3523EA022704F1EAF1259012B38047F1/..\..\cores\Seeeduino_samd_seeed_XIAO_m0_58b8410a5acda13f3e9a82a2ea43902b\core.a(wiring_digital.c.o)
                0x000047f4                pinMode
 .text.digitalWrite
                0x00004854       0x58 C:\Users\brett\AppData\Local\arduino\sketches\3523EA022704F1EAF1259012B38047F1/..\..\cores\Seeeduino_samd_seeed_XIAO_m0_58b8410a5acda13f3e9a82a2ea43902b\core.a(wiring_digital.c.o)
                0x00004854                digitalWrite
 .text.mapResolution
                0x000048ac       0x12 C:\Users\brett\AppData\Local\arduino\sketches\3523EA022704F1EAF1259012B38047F1/..\..\cores\Seeeduino_samd_seeed_XIAO_m0_58b8410a5acda13f3e9a82a2ea43902b\core.a(wiring_private.c.o)
                0x000048ac                mapResolution
 *fill*         0x000048be        0x2 
 .text.pinPeripheral
                0x000048c0       0xc4 C:\Users\brett\AppData\Local\arduino\sketches\3523EA022704F1EAF1259012B38047F1/..\..\cores\Seeeduino_samd_seeed_XIAO_m0_58b8410a5acda13f3e9a82a2ea43902b\core.a(wiring_private.c.o)
                0x000048c0                pinPeripheral
 .text.initiateReset
                0x00004984        0xc C:\Users\brett\AppData\Local\arduino\sketches\3523EA022704F1EAF1259012B38047F1/..\..\cores\Seeeduino_samd_seeed_XIAO_m0_58b8410a5acda13f3e9a82a2ea43902b\core.a(Reset.cpp.o)
                0x00004984                initiateReset
 .text.cancelReset
                0x00004990       0x10 C:\Users\brett\AppData\Local\arduino\sketches\3523EA022704F1EAF1259012B38047F1/..\..\cores\Seeeduino_samd_seeed_XIAO_m0_58b8410a5acda13f3e9a82a2ea43902b\core.a(Reset.cpp.o)
                0x00004990                cancelReset
 .text.tickReset
                0x000049a0       0x78 C:\Users\brett\AppData\Local\arduino\sketches\3523EA022704F1EAF1259012B38047F1/..\..\cores\Seeeduino_samd_seeed_XIAO_m0_58b8410a5acda13f3e9a82a2ea43902b\core.a(Reset.cpp.o)
                0x000049a0                tickReset
 .text._ZN13PluggableUSB_12getInterfaceEPh
                0x00004a18       0x28 C:\Users\brett\AppData\Local\arduino\sketches\3523EA022704F1EAF1259012B38047F1/..\..\cores\Seeeduino_samd_seeed_XIAO_m0_58b8410a5acda13f3e9a82a2ea43902b\core.a(PluggableUSB.cpp.o)
                0x00004a18                PluggableUSB_::getInterface(unsigned char*)
 .text._ZN13PluggableUSB_13getDescriptorER8USBSetup
                0x00004a40       0x20 C:\Users\brett\AppData\Local\arduino\sketches\3523EA022704F1EAF1259012B38047F1/..\..\cores\Seeeduino_samd_seeed_XIAO_m0_58b8410a5acda13f3e9a82a2ea43902b\core.a(PluggableUSB.cpp.o)
                0x00004a40                PluggableUSB_::getDescriptor(USBSetup&)
 .text._ZN13PluggableUSB_5setupER8USBSetup
                0x00004a60       0x20 C:\Users\brett\AppData\Local\arduino\sketches\3523EA022704F1EAF1259012B38047F1/..\..\cores\Seeeduino_samd_seeed_XIAO_m0_58b8410a5acda13f3e9a82a2ea43902b\core.a(PluggableUSB.cpp.o)
                0x00004a60                PluggableUSB_::setup(USBSetup&)
 .text._ZN13PluggableUSB_14handleEndpointEi
                0x00004a80       0x20 C:\Users\brett\AppData\Local\arduino\sketches\3523EA022704F1EAF1259012B38047F1/..\..\cores\Seeeduino_samd_seeed_XIAO_m0_58b8410a5acda13f3e9a82a2ea43902b\core.a(PluggableUSB.cpp.o)
                0x00004a80                PluggableUSB_::handleEndpoint(int)
 .text._Z12PluggableUSBv
                0x00004aa0       0x24 C:\Users\brett\AppData\Local\arduino\sketches\3523EA022704F1EAF1259012B38047F1/..\..\cores\Seeeduino_samd_seeed_XIAO_m0_58b8410a5acda13f3e9a82a2ea43902b\core.a(PluggableUSB.cpp.o)
                0x00004aa0                PluggableUSB()
 .text._ZN20USBDevice_SAMD21G18x5resetEv
                0x00004ac4       0x2e C:\Users\brett\AppData\Local\arduino\sketches\3523EA022704F1EAF1259012B38047F1/..\..\cores\Seeeduino_samd_seeed_XIAO_m0_58b8410a5acda13f3e9a82a2ea43902b\core.a(SAMD21_USBDevice.cpp.o)
                0x00004ac4                USBDevice_SAMD21G18x::reset()
 *fill*         0x00004af2        0x2 
 .text._ZN20USBDevice_SAMD21G18x9calibrateEv
                0x00004af4       0x60 C:\Users\brett\AppData\Local\arduino\sketches\3523EA022704F1EAF1259012B38047F1/..\..\cores\Seeeduino_samd_seeed_XIAO_m0_58b8410a5acda13f3e9a82a2ea43902b\core.a(SAMD21_USBDevice.cpp.o)
                0x00004af4                USBDevice_SAMD21G18x::calibrate()
 .text._ZdlPvj  0x00004b54        0x8 c:/users/brett/appdata/local/arduino15/packages/seeeduino/tools/arm-none-eabi-gcc/7-2017q4/bin/../lib/gcc/arm-none-eabi/7.2.1/../../../../arm-none-eabi/lib/thumb/v6-m\libstdc++_nano.a(del_ops.o)
                0x00004b54                operator delete(void*, unsigned int)
 .text          0x00004b5c       0x14 c:/users/brett/appdata/local/arduino15/packages/seeeduino/tools/arm-none-eabi-gcc/7-2017q4/bin/../lib/gcc/arm-none-eabi/7.2.1/thumb/v6-m\libgcc.a(_thumb1_case_uqi.o)
                0x00004b5c                __gnu_thumb1_case_uqi
 .text          0x00004b70      0x114 c:/users/brett/appdata/local/arduino15/packages/seeeduino/tools/arm-none-eabi-gcc/7-2017q4/bin/../lib/gcc/arm-none-eabi/7.2.1/thumb/v6-m\libgcc.a(_udivsi3.o)
                0x00004b70                __aeabi_uidiv
                0x00004b70                __udivsi3
                0x00004c7c                __aeabi_uidivmod
 .text          0x00004c84      0x1d4 c:/users/brett/appdata/local/arduino15/packages/seeeduino/tools/arm-none-eabi-gcc/7-2017q4/bin/../lib/gcc/arm-none-eabi/7.2.1/thumb/v6-m\libgcc.a(_divsi3.o)
                0x00004c84                __divsi3
                0x00004c84                __aeabi_idiv
                0x00004e50                __aeabi_idivmod
 .text          0x00004e58        0x4 c:/users/brett/appdata/local/arduino15/packages/seeeduino/tools/arm-none-eabi-gcc/7-2017q4/bin/../lib/gcc/arm-none-eabi/7.2.1/thumb/v6-m\libgcc.a(_dvmd_tls.o)
                0x00004e58                __aeabi_idiv0
                0x00004e58                __aeabi_ldiv0
 .text          0x00004e5c       0x7c c:/users/brett/appdata/local/arduino15/packages/seeeduino/tools/arm-none-eabi-gcc/7-2017q4/bin/../lib/gcc/arm-none-eabi/7.2.1/thumb/v6-m\libgcc.a(_arm_cmpdf2.o)
                0x00004e5c                __aeabi_cdrcmple
                0x00004e6c                __aeabi_cdcmple
                0x00004e6c                __aeabi_cdcmpeq
                0x00004e7c                __aeabi_dcmpeq
                0x00004e88                __aeabi_dcmplt
                0x00004e9c                __aeabi_dcmple
                0x00004eb0                __aeabi_dcmpgt
                0x00004ec4                __aeabi_dcmpge
 .text          0x00004ed8       0x3c c:/users/brett/appdata/local/arduino15/packages/seeeduino/tools/arm-none-eabi-gcc/7-2017q4/bin/../lib/gcc/arm-none-eabi/7.2.1/thumb/v6-m\libgcc.a(_fixunsdfsi.o)
                0x00004ed8                __aeabi_d2uiz
                0x00004ed8                __fixunsdfsi
 .text          0x00004f14      0x638 c:/users/brett/appdata/local/arduino15/packages/seeeduino/tools/arm-none-eabi-gcc/7-2017q4/bin/../lib/gcc/arm-none-eabi/7.2.1/thumb/v6-m\libgcc.a(adddf3.o)
                0x00004f14                __aeabi_dadd
 .text          0x0000554c      0x604 c:/users/brett/appdata/local/arduino15/packages/seeeduino/tools/arm-none-eabi-gcc/7-2017q4/bin/../lib/gcc/arm-none-eabi/7.2.1/thumb/v6-m\libgcc.a(divdf3.o)
                0x0000554c                __aeabi_ddiv
 .text          0x00005b50       0x78 c:/users/brett/appdata/local/arduino15/packages/seeeduino/tools/arm-none-eabi-gcc/7-2017q4/bin/../lib/gcc/arm-none-eabi/7.2.1/thumb/v6-m\libgcc.a(eqdf2.o)
                0x00005b50                __nedf2
                0x00005b50                __eqdf2
 .text          0x00005bc8       0xc8 c:/users/brett/appdata/local/arduino15/packages/seeeduino/tools/arm-none-eabi-gcc/7-2017q4/bin/../lib/gcc/arm-none-eabi/7.2.1/thumb/v6-m\libgcc.a(gedf2.o)
                0x00005bc8                __gedf2
                0x00005bc8                __gtdf2
 .text          0x00005c90       0xd0 c:/users/brett/appdata/local/arduino15/packages/seeeduino/tools/arm-none-eabi-gcc/7-2017q4/bin/../lib/gcc/arm-none-eabi/7.2.1/thumb/v6-m\libgcc.a(ledf2.o)
                0x00005c90                __ledf2
                0x00005c90                __ltdf2
 .text          0x00005d60      0x4e4 c:/users/brett/appdata/local/arduino15/packages/seeeduino/tools/arm-none-eabi-gcc/7-2017q4/bin/../lib/gcc/arm-none-eabi/7.2.1/thumb/v6-m\libgcc.a(muldf3.o)
                0x00005d60                __aeabi_dmul
 .text          0x00006244      0x690 c:/users/brett/appdata/local/arduino15/packages/seeeduino/tools/arm-none-eabi-gcc/7-2017q4/bin/../lib/gcc/arm-none-eabi/7.2.1/thumb/v6-m\libgcc.a(subdf3.o)
                0x00006244                __aeabi_dsub
 .text          0x000068d4       0x38 c:/users/brett/appdata/local/arduino15/packages/seeeduino/tools/arm-none-eabi-gcc/7-2017q4/bin/../lib/gcc/arm-none-eabi/7.2.1/thumb/v6-m\libgcc.a(unorddf2.o)
                0x000068d4                __aeabi_dcmpun
 .text          0x0000690c       0x6c c:/users/brett/appdata/local/arduino15/packages/seeeduino/tools/arm-none-eabi-gcc/7-2017q4/bin/../lib/gcc/arm-none-eabi/7.2.1/thumb/v6-m\libgcc.a(fixdfsi.o)
                0x0000690c                __aeabi_d2iz
 .text          0x00006978       0x64 c:/users/brett/appdata/local/arduino15/packages/seeeduino/tools/arm-none-eabi-gcc/7-2017q4/bin/../lib/gcc/arm-none-eabi/7.2.1/thumb/v6-m\libgcc.a(floatunsidf.o)
                0x00006978                __aeabi_ui2d
 .text          0x000069dc      0x108 c:/users/brett/appdata/local/arduino15/packages/seeeduino/tools/arm-none-eabi-gcc/7-2017q4/bin/../lib/gcc/arm-none-eabi/7.2.1/thumb/v6-m\libgcc.a(truncdfsf2.o)
                0x000069dc                __aeabi_d2f
 .text          0x00006ae4       0x3c c:/users/brett/appdata/local/arduino15/packages/seeeduino/tools/arm-none-eabi-gcc/7-2017q4/bin/../lib/gcc/arm-none-eabi/7.2.1/thumb/v6-m\libgcc.a(_clzsi2.o)
                0x00006ae4                __clzsi2
 .text.__libc_init_array
                0x00006b20       0x48 c:/users/brett/appdata/local/arduino15/packages/seeeduino/tools/arm-none-eabi-gcc/7-2017q4/bin/../lib/gcc/arm-none-eabi/7.2.1/../../../../arm-none-eabi/lib/thumb/v6-m\libc_nano.a(lib_a-init.o)
                0x00006b20                __libc_init_array
 .text.__locale_ctype_ptr_l
                0x00006b68        0x6 c:/users/brett/appdata/local/arduino15/packages/seeeduino/tools/arm-none-eabi-gcc/7-2017q4/bin/../lib/gcc/arm-none-eabi/7.2.1/../../../../arm-none-eabi/lib/thumb/v6-m\libc_nano.a(lib_a-locale.o)
                0x00006b68                __locale_ctype_ptr_l
 *fill*         0x00006b6e        0x2 
 .text.malloc   0x00006b70       0x14 c:/users/brett/appdata/local/arduino15/packages/seeeduino/tools/arm-none-eabi-gcc/7-2017q4/bin/../lib/gcc/arm-none-eabi/7.2.1/../../../../arm-none-eabi/lib/thumb/v6-m\libc_nano.a(lib_a-malloc.o)
                0x00006b70                malloc
 .text.free     0x00006b84       0x14 c:/users/brett/appdata/local/arduino15/packages/seeeduino/tools/arm-none-eabi-gcc/7-2017q4/bin/../lib/gcc/arm-none-eabi/7.2.1/../../../../arm-none-eabi/lib/thumb/v6-m\libc_nano.a(lib_a-malloc.o)
                0x00006b84                free
 .text.__ascii_mbtowc
                0x00006b98       0x24 c:/users/brett/appdata/local/arduino15/packages/seeeduino/tools/arm-none-eabi-gcc/7-2017q4/bin/../lib/gcc/arm-none-eabi/7.2.1/../../../../arm-none-eabi/lib/thumb/v6-m\libc_nano.a(lib_a-mbtowc_r.o)
                0x00006b98                __ascii_mbtowc
 .text.memcpy   0x00006bbc       0x12 c:/users/brett/appdata/local/arduino15/packages/seeeduino/tools/arm-none-eabi-gcc/7-2017q4/bin/../lib/gcc/arm-none-eabi/7.2.1/../../../../arm-none-eabi/lib/thumb/v6-m\libc_nano.a(lib_a-memcpy-stub.o)
                0x00006bbc                memcpy
 .text.memmove  0x00006bce       0x26 c:/users/brett/appdata/local/arduino15/packages/seeeduino/tools/arm-none-eabi-gcc/7-2017q4/bin/../lib/gcc/arm-none-eabi/7.2.1/../../../../arm-none-eabi/lib/thumb/v6-m\libc_nano.a(lib_a-memmove.o)
                0x00006bce                memmove
 .text.memset   0x00006bf4       0x10 c:/users/brett/appdata/local/arduino15/packages/seeeduino/tools/arm-none-eabi-gcc/7-2017q4/bin/../lib/gcc/arm-none-eabi/7.2.1/../../../../arm-none-eabi/lib/thumb/v6-m\libc_nano.a(lib_a-memset.o)
                0x00006bf4                memset
 .text._free_r  0x00006c04       0x94 c:/users/brett/appdata/local/arduino15/packages/seeeduino/tools/arm-none-eabi-gcc/7-2017q4/bin/../lib/gcc/arm-none-eabi/7.2.1/../../../../arm-none-eabi/lib/thumb/v6-m\libc_nano.a(lib_a-nano-freer.o)
                0x00006c04                _free_r
 .text._malloc_r
                0x00006c98       0xbc c:/users/brett/appdata/local/arduino15/packages/seeeduino/tools/arm-none-eabi-gcc/7-2017q4/bin/../lib/gcc/arm-none-eabi/7.2.1/../../../../arm-none-eabi/lib/thumb/v6-m\libc_nano.a(lib_a-nano-mallocr.o)
                0x00006c98                _malloc_r
 .text.__cvt    0x00006d54       0xc8 c:/users/brett/appdata/local/arduino15/packages/seeeduino/tools/arm-none-eabi-gcc/7-2017q4/bin/../lib/gcc/arm-none-eabi/7.2.1/../../../../arm-none-eabi/lib/thumb/v6-m\libc_nano.a(lib_a-nano-vfprintf_float.o)
                0x00006d54                __cvt
 .text.__exponent
                0x00006e1c       0x70 c:/users/brett/appdata/local/arduino15/packages/seeeduino/tools/arm-none-eabi-gcc/7-2017q4/bin/../lib/gcc/arm-none-eabi/7.2.1/../../../../arm-none-eabi/lib/thumb/v6-m\libc_nano.a(lib_a-nano-vfprintf_float.o)
                0x00006e1c                __exponent
 .text._printf_float
                0x00006e8c      0x498 c:/users/brett/appdata/local/arduino15/packages/seeeduino/tools/arm-none-eabi-gcc/7-2017q4/bin/../lib/gcc/arm-none-eabi/7.2.1/../../../../arm-none-eabi/lib/thumb/v6-m\libc_nano.a(lib_a-nano-vfprintf_float.o)
                0x00006e8c                _printf_float
 .text._printf_common
                0x00007324       0xda c:/users/brett/appdata/local/arduino15/packages/seeeduino/tools/arm-none-eabi-gcc/7-2017q4/bin/../lib/gcc/arm-none-eabi/7.2.1/../../../../arm-none-eabi/lib/thumb/v6-m\libc_nano.a(lib_a-nano-vfprintf_i.o)
                0x00007324                _printf_common
 *fill*         0x000073fe        0x2 
 .text._printf_i
                0x00007400      0x210 c:/users/brett/appdata/local/arduino15/packages/seeeduino/tools/arm-none-eabi-gcc/7-2017q4/bin/../lib/gcc/arm-none-eabi/7.2.1/../../../../arm-none-eabi/lib/thumb/v6-m\libc_nano.a(lib_a-nano-vfprintf_i.o)
                0x00007400                _printf_i
 .text._scanf_float
                0x00007610      0x3fc c:/users/brett/appdata/local/arduino15/packages/seeeduino/tools/arm-none-eabi-gcc/7-2017q4/bin/../lib/gcc/arm-none-eabi/7.2.1/../../../../arm-none-eabi/lib/thumb/v6-m\libc_nano.a(lib_a-nano-vfscanf_float.o)
                0x00007610                _scanf_float
 .text.realloc  0x00007a0c       0x14 c:/users/brett/appdata/local/arduino15/packages/seeeduino/tools/arm-none-eabi-gcc/7-2017q4/bin/../lib/gcc/arm-none-eabi/7.2.1/../../../../arm-none-eabi/lib/thumb/v6-m\libc_nano.a(lib_a-realloc.o)
                0x00007a0c                realloc
 .text._sbrk_r  0x00007a20       0x24 c:/users/brett/appdata/local/arduino15/packages/seeeduino/tools/arm-none-eabi-gcc/7-2017q4/bin/../lib/gcc/arm-none-eabi/7.2.1/../../../../arm-none-eabi/lib/thumb/v6-m\libc_nano.a(lib_a-sbrkr.o)
                0x00007a20                _sbrk_r
 .text.nanf     0x00007a44        0x8 c:/users/brett/appdata/local/arduino15/packages/seeeduino/tools/arm-none-eabi-gcc/7-2017q4/bin/../lib/gcc/arm-none-eabi/7.2.1/../../../../arm-none-eabi/lib/thumb/v6-m\libc_nano.a(lib_a-sf_nan.o)
                0x00007a44                nanf
 .text.sprintf  0x00007a4c       0x40 c:/users/brett/appdata/local/arduino15/packages/seeeduino/tools/arm-none-eabi-gcc/7-2017q4/bin/../lib/gcc/arm-none-eabi/7.2.1/../../../../arm-none-eabi/lib/thumb/v6-m\libc_nano.a(lib_a-sprintf.o)
                0x00007a4c                siprintf
                0x00007a4c                sprintf
 .text.strcpy   0x00007a8c       0x10 c:/users/brett/appdata/local/arduino15/packages/seeeduino/tools/arm-none-eabi-gcc/7-2017q4/bin/../lib/gcc/arm-none-eabi/7.2.1/../../../../arm-none-eabi/lib/thumb/v6-m\libc_nano.a(lib_a-strcpy.o)
                0x00007a8c                strcpy
 .text          0x00007a9c        0xe c:/users/brett/appdata/local/arduino15/packages/seeeduino/tools/arm-none-eabi-gcc/7-2017q4/bin/../lib/gcc/arm-none-eabi/7.2.1/../../../../arm-none-eabi/lib/thumb/v6-m\libc_nano.a(lib_a-strlen.o)
                0x00007a9c                strlen
 .text.strncmp  0x00007aaa       0x22 c:/users/brett/appdata/local/arduino15/packages/seeeduino/tools/arm-none-eabi-gcc/7-2017q4/bin/../lib/gcc/arm-none-eabi/7.2.1/../../../../arm-none-eabi/lib/thumb/v6-m\libc_nano.a(lib_a-strncmp.o)
                0x00007aaa                strncmp
 .text.unlikely.sulp
                0x00007acc       0x30 c:/users/brett/appdata/local/arduino15/packages/seeeduino/tools/arm-none-eabi-gcc/7-2017q4/bin/../lib/gcc/arm-none-eabi/7.2.1/../../../../arm-none-eabi/lib/thumb/v6-m\libc_nano.a(lib_a-strtod.o)
 .text._strtod_l
                0x00007afc      0xc50 c:/users/brett/appdata/local/arduino15/packages/seeeduino/tools/arm-none-eabi-gcc/7-2017q4/bin/../lib/gcc/arm-none-eabi/7.2.1/../../../../arm-none-eabi/lib/thumb/v6-m\libc_nano.a(lib_a-strtod.o)
                0x00007afc                _strtod_l
 .text._strtod_r
                0x0000874c       0x1c c:/users/brett/appdata/local/arduino15/packages/seeeduino/tools/arm-none-eabi-gcc/7-2017q4/bin/../lib/gcc/arm-none-eabi/7.2.1/../../../../arm-none-eabi/lib/thumb/v6-m\libc_nano.a(lib_a-strtod.o)
                0x0000874c                _strtod_r
 .text._strtol_l.isra.0
                0x00008768      0x104 c:/users/brett/appdata/local/arduino15/packages/seeeduino/tools/arm-none-eabi-gcc/7-2017q4/bin/../lib/gcc/arm-none-eabi/7.2.1/../../../../arm-none-eabi/lib/thumb/v6-m\libc_nano.a(lib_a-strtol.o)
 .text._strtol_r
                0x0000886c       0x20 c:/users/brett/appdata/local/arduino15/packages/seeeduino/tools/arm-none-eabi-gcc/7-2017q4/bin/../lib/gcc/arm-none-eabi/7.2.1/../../../../arm-none-eabi/lib/thumb/v6-m\libc_nano.a(lib_a-strtol.o)
                0x0000886c                _strtol_r
 .text.__ascii_wctomb
                0x0000888c       0x18 c:/users/brett/appdata/local/arduino15/packages/seeeduino/tools/arm-none-eabi-gcc/7-2017q4/bin/../lib/gcc/arm-none-eabi/7.2.1/../../../../arm-none-eabi/lib/thumb/v6-m\libc_nano.a(lib_a-wctomb_r.o)
                0x0000888c                __ascii_wctomb
 .text.quorem   0x000088a4      0x10c c:/users/brett/appdata/local/arduino15/packages/seeeduino/tools/arm-none-eabi-gcc/7-2017q4/bin/../lib/gcc/arm-none-eabi/7.2.1/../../../../arm-none-eabi/lib/thumb/v6-m\libc_nano.a(lib_a-dtoa.o)
 .text._dtoa_r  0x000089b0      0xbc0 c:/users/brett/appdata/local/arduino15/packages/seeeduino/tools/arm-none-eabi-gcc/7-2017q4/bin/../lib/gcc/arm-none-eabi/7.2.1/../../../../arm-none-eabi/lib/thumb/v6-m\libc_nano.a(lib_a-dtoa.o)
                0x000089b0                _dtoa_r
 .text.rshift   0x00009570       0x68 c:/users/brett/appdata/local/arduino15/packages/seeeduino/tools/arm-none-eabi-gcc/7-2017q4/bin/../lib/gcc/arm-none-eabi/7.2.1/../../../../arm-none-eabi/lib/thumb/v6-m\libc_nano.a(lib_a-gdtoa-gethex.o)
 .text.__hexdig_fun
                0x000095d8       0x2a c:/users/brett/appdata/local/arduino15/packages/seeeduino/tools/arm-none-eabi-gcc/7-2017q4/bin/../lib/gcc/arm-none-eabi/7.2.1/../../../../arm-none-eabi/lib/thumb/v6-m\libc_nano.a(lib_a-gdtoa-gethex.o)
                0x000095d8                __hexdig_fun
 .text.__gethex
                0x00009602      0x456 c:/users/brett/appdata/local/arduino15/packages/seeeduino/tools/arm-none-eabi-gcc/7-2017q4/bin/../lib/gcc/arm-none-eabi/7.2.1/../../../../arm-none-eabi/lib/thumb/v6-m\libc_nano.a(lib_a-gdtoa-gethex.o)
                0x00009602                __gethex
 .text.L_shift  0x00009a58       0x24 c:/users/brett/appdata/local/arduino15/packages/seeeduino/tools/arm-none-eabi-gcc/7-2017q4/bin/../lib/gcc/arm-none-eabi/7.2.1/../../../../arm-none-eabi/lib/thumb/v6-m\libc_nano.a(lib_a-gdtoa-hexnan.o)
 .text.__match  0x00009a7c       0x28 c:/users/brett/appdata/local/arduino15/packages/seeeduino/tools/arm-none-eabi-gcc/7-2017q4/bin/../lib/gcc/arm-none-eabi/7.2.1/../../../../arm-none-eabi/lib/thumb/v6-m\libc_nano.a(lib_a-gdtoa-hexnan.o)
                0x00009a7c                __match
 .text.__hexnan
                0x00009aa4      0x12e c:/users/brett/appdata/local/arduino15/packages/seeeduino/tools/arm-none-eabi-gcc/7-2017q4/bin/../lib/gcc/arm-none-eabi/7.2.1/../../../../arm-none-eabi/lib/thumb/v6-m\libc_nano.a(lib_a-gdtoa-hexnan.o)
                0x00009aa4                __hexnan
 .text.__localeconv_l
                0x00009bd2        0x4 c:/users/brett/appdata/local/arduino15/packages/seeeduino/tools/arm-none-eabi-gcc/7-2017q4/bin/../lib/gcc/arm-none-eabi/7.2.1/../../../../arm-none-eabi/lib/thumb/v6-m\libc_nano.a(lib_a-localeconv.o)
                0x00009bd2                __localeconv_l
 *fill*         0x00009bd6        0x2 
 .text._localeconv_r
                0x00009bd8       0x18 c:/users/brett/appdata/local/arduino15/packages/seeeduino/tools/arm-none-eabi-gcc/7-2017q4/bin/../lib/gcc/arm-none-eabi/7.2.1/../../../../arm-none-eabi/lib/thumb/v6-m\libc_nano.a(lib_a-localeconv.o)
                0x00009bd8                _localeconv_r
 .text.memchr   0x00009bf0       0x16 c:/users/brett/appdata/local/arduino15/packages/seeeduino/tools/arm-none-eabi-gcc/7-2017q4/bin/../lib/gcc/arm-none-eabi/7.2.1/../../../../arm-none-eabi/lib/thumb/v6-m\libc_nano.a(lib_a-memchr-stub.o)
                0x00009bf0                memchr
 .text.__malloc_lock
                0x00009c06        0x2 c:/users/brett/appdata/local/arduino15/packages/seeeduino/tools/arm-none-eabi-gcc/7-2017q4/bin/../lib/gcc/arm-none-eabi/7.2.1/../../../../arm-none-eabi/lib/thumb/v6-m\libc_nano.a(lib_a-mlock.o)
                0x00009c06                __malloc_lock
 .text.__malloc_unlock
                0x00009c08        0x2 c:/users/brett/appdata/local/arduino15/packages/seeeduino/tools/arm-none-eabi-gcc/7-2017q4/bin/../lib/gcc/arm-none-eabi/7.2.1/../../../../arm-none-eabi/lib/thumb/v6-m\libc_nano.a(lib_a-mlock.o)
                0x00009c08                __malloc_unlock
 .text._Balloc  0x00009c0a       0x70 c:/users/brett/appdata/local/arduino15/packages/seeeduino/tools/arm-none-eabi-gcc/7-2017q4/bin/../lib/gcc/arm-none-eabi/7.2.1/../../../../arm-none-eabi/lib/thumb/v6-m\libc_nano.a(lib_a-mprec.o)
                0x00009c0a                _Balloc
 .text._Bfree   0x00009c7a       0x32 c:/users/brett/appdata/local/arduino15/packages/seeeduino/tools/arm-none-eabi-gcc/7-2017q4/bin/../lib/gcc/arm-none-eabi/7.2.1/../../../../arm-none-eabi/lib/thumb/v6-m\libc_nano.a(lib_a-mprec.o)
                0x00009c7a                _Bfree
 .text.__multadd
                0x00009cac       0x7c c:/users/brett/appdata/local/arduino15/packages/seeeduino/tools/arm-none-eabi-gcc/7-2017q4/bin/../lib/gcc/arm-none-eabi/7.2.1/../../../../arm-none-eabi/lib/thumb/v6-m\libc_nano.a(lib_a-mprec.o)
                0x00009cac                __multadd
 .text.__s2b    0x00009d28       0x7c c:/users/brett/appdata/local/arduino15/packages/seeeduino/tools/arm-none-eabi-gcc/7-2017q4/bin/../lib/gcc/arm-none-eabi/7.2.1/../../../../arm-none-eabi/lib/thumb/v6-m\libc_nano.a(lib_a-mprec.o)
                0x00009d28                __s2b
 .text.__hi0bits
                0x00009da4       0x34 c:/users/brett/appdata/local/arduino15/packages/seeeduino/tools/arm-none-eabi-gcc/7-2017q4/bin/../lib/gcc/arm-none-eabi/7.2.1/../../../../arm-none-eabi/lib/thumb/v6-m\libc_nano.a(lib_a-mprec.o)
                0x00009da4                __hi0bits
 .text.__lo0bits
                0x00009dd8       0x5e c:/users/brett/appdata/local/arduino15/packages/seeeduino/tools/arm-none-eabi-gcc/7-2017q4/bin/../lib/gcc/arm-none-eabi/7.2.1/../../../../arm-none-eabi/lib/thumb/v6-m\libc_nano.a(lib_a-mprec.o)
                0x00009dd8                __lo0bits
 .text.__i2b    0x00009e36       0x12 c:/users/brett/appdata/local/arduino15/packages/seeeduino/tools/arm-none-eabi-gcc/7-2017q4/bin/../lib/gcc/arm-none-eabi/7.2.1/../../../../arm-none-eabi/lib/thumb/v6-m\libc_nano.a(lib_a-mprec.o)
                0x00009e36                __i2b
 .text.__multiply
                0x00009e48      0x11e c:/users/brett/appdata/local/arduino15/packages/seeeduino/tools/arm-none-eabi-gcc/7-2017q4/bin/../lib/gcc/arm-none-eabi/7.2.1/../../../../arm-none-eabi/lib/thumb/v6-m\libc_nano.a(lib_a-mprec.o)
                0x00009e48                __multiply
 *fill*         0x00009f66        0x2 
 .text.__pow5mult
                0x00009f68       0xa4 c:/users/brett/appdata/local/arduino15/packages/seeeduino/tools/arm-none-eabi-gcc/7-2017q4/bin/../lib/gcc/arm-none-eabi/7.2.1/../../../../arm-none-eabi/lib/thumb/v6-m\libc_nano.a(lib_a-mprec.o)
                0x00009f68                __pow5mult
 .text.__lshift
                0x0000a00c       0xa4 c:/users/brett/appdata/local/arduino15/packages/seeeduino/tools/arm-none-eabi-gcc/7-2017q4/bin/../lib/gcc/arm-none-eabi/7.2.1/../../../../arm-none-eabi/lib/thumb/v6-m\libc_nano.a(lib_a-mprec.o)
                0x0000a00c                __lshift
 .text.__mcmp   0x0000a0b0       0x34 c:/users/brett/appdata/local/arduino15/packages/seeeduino/tools/arm-none-eabi-gcc/7-2017q4/bin/../lib/gcc/arm-none-eabi/7.2.1/../../../../arm-none-eabi/lib/thumb/v6-m\libc_nano.a(lib_a-mprec.o)
                0x0000a0b0                __mcmp
 .text.__mdiff  0x0000a0e4       0xc8 c:/users/brett/appdata/local/arduino15/packages/seeeduino/tools/arm-none-eabi-gcc/7-2017q4/bin/../lib/gcc/arm-none-eabi/7.2.1/../../../../arm-none-eabi/lib/thumb/v6-m\libc_nano.a(lib_a-mprec.o)
                0x0000a0e4                __mdiff
 .text.__ulp    0x0000a1ac       0x4c c:/users/brett/appdata/local/arduino15/packages/seeeduino/tools/arm-none-eabi-gcc/7-2017q4/bin/../lib/gcc/arm-none-eabi/7.2.1/../../../../arm-none-eabi/lib/thumb/v6-m\libc_nano.a(lib_a-mprec.o)
                0x0000a1ac                __ulp
 .text.__b2d    0x0000a1f8       0x98 c:/users/brett/appdata/local/arduino15/packages/seeeduino/tools/arm-none-eabi-gcc/7-2017q4/bin/../lib/gcc/arm-none-eabi/7.2.1/../../../../arm-none-eabi/lib/thumb/v6-m\libc_nano.a(lib_a-mprec.o)
                0x0000a1f8                __b2d
 .text.__d2b    0x0000a290       0xa8 c:/users/brett/appdata/local/arduino15/packages/seeeduino/tools/arm-none-eabi-gcc/7-2017q4/bin/../lib/gcc/arm-none-eabi/7.2.1/../../../../arm-none-eabi/lib/thumb/v6-m\libc_nano.a(lib_a-mprec.o)
                0x0000a290                __d2b
 .text.__ratio  0x0000a338       0x4e c:/users/brett/appdata/local/arduino15/packages/seeeduino/tools/arm-none-eabi-gcc/7-2017q4/bin/../lib/gcc/arm-none-eabi/7.2.1/../../../../arm-none-eabi/lib/thumb/v6-m\libc_nano.a(lib_a-mprec.o)
                0x0000a338                __ratio
 .text.__copybits
                0x0000a386       0x2c c:/users/brett/appdata/local/arduino15/packages/seeeduino/tools/arm-none-eabi-gcc/7-2017q4/bin/../lib/gcc/arm-none-eabi/7.2.1/../../../../arm-none-eabi/lib/thumb/v6-m\libc_nano.a(lib_a-mprec.o)
                0x0000a386                __copybits
 .text.__any_on
                0x0000a3b2       0x44 c:/users/brett/appdata/local/arduino15/packages/seeeduino/tools/arm-none-eabi-gcc/7-2017q4/bin/../lib/gcc/arm-none-eabi/7.2.1/../../../../arm-none-eabi/lib/thumb/v6-m\libc_nano.a(lib_a-mprec.o)
                0x0000a3b2                __any_on
 .text._calloc_r
                0x0000a3f6       0x1c c:/users/brett/appdata/local/arduino15/packages/seeeduino/tools/arm-none-eabi-gcc/7-2017q4/bin/../lib/gcc/arm-none-eabi/7.2.1/../../../../arm-none-eabi/lib/thumb/v6-m\libc_nano.a(lib_a-nano-callocr.o)
                0x0000a3f6                _calloc_r
 .text._realloc_r
                0x0000a412       0x4c c:/users/brett/appdata/local/arduino15/packages/seeeduino/tools/arm-none-eabi-gcc/7-2017q4/bin/../lib/gcc/arm-none-eabi/7.2.1/../../../../arm-none-eabi/lib/thumb/v6-m\libc_nano.a(lib_a-nano-reallocr.o)
                0x0000a412                _realloc_r
 *fill*         0x0000a45e        0x2 
 .text.__ssputs_r
                0x0000a460       0xc4 c:/users/brett/appdata/local/arduino15/packages/seeeduino/tools/arm-none-eabi-gcc/7-2017q4/bin/../lib/gcc/arm-none-eabi/7.2.1/../../../../arm-none-eabi/lib/thumb/v6-m\libc_nano.a(lib_a-nano-svfprintf.o)
                0x0000a460                __ssputs_r
 .text._svfprintf_r
                0x0000a524      0x1fc c:/users/brett/appdata/local/arduino15/packages/seeeduino/tools/arm-none-eabi-gcc/7-2017q4/bin/../lib/gcc/arm-none-eabi/7.2.1/../../../../arm-none-eabi/lib/thumb/v6-m\libc_nano.a(lib_a-nano-svfprintf.o)
                0x0000a524                _svfiprintf_r
                0x0000a524                _svfprintf_r
 .text._malloc_usable_size_r
                0x0000a720       0x10 c:/users/brett/appdata/local/arduino15/packages/seeeduino/tools/arm-none-eabi-gcc/7-2017q4/bin/../lib/gcc/arm-none-eabi/7.2.1/../../../../arm-none-eabi/lib/thumb/v6-m\libc_nano.a(lib_a-nano-msizer.o)
                0x0000a720                _malloc_usable_size_r
 .text          0x0000a730       0x74 c:/users/brett/appdata/local/arduino15/packages/seeeduino/tools/arm-none-eabi-gcc/7-2017q4/bin/../lib/gcc/arm-none-eabi/7.2.1/thumb/v6-m\libgcc.a(floatsidf.o)
                0x0000a730                __aeabi_i2d
 *(.init)
 .init          0x0000a7a4        0x4 c:/users/brett/appdata/local/arduino15/packages/seeeduino/tools/arm-none-eabi-gcc/7-2017q4/bin/../lib/gcc/arm-none-eabi/7.2.1/thumb/v6-m/crti.o
                0x0000a7a4                _init
 .init          0x0000a7a8        0x8 c:/users/brett/appdata/local/arduino15/packages/seeeduino/tools/arm-none-eabi-gcc/7-2017q4/bin/../lib/gcc/arm-none-eabi/7.2.1/thumb/v6-m/crtn.o
 *(.fini)
 .fini          0x0000a7b0        0x4 c:/users/brett/appdata/local/arduino15/packages/seeeduino/tools/arm-none-eabi-gcc/7-2017q4/bin/../lib/gcc/arm-none-eabi/7.2.1/thumb/v6-m/crti.o
                0x0000a7b0                _fini
 .fini          0x0000a7b4        0x8 c:/users/brett/appdata/local/arduino15/packages/seeeduino/tools/arm-none-eabi-gcc/7-2017q4/bin/../lib/gcc/arm-none-eabi/7.2.1/thumb/v6-m/crtn.o
 *crtbegin.o(.ctors)
 *crtbegin?.o(.ctors)
 *(EXCLUDE_FILE(*crtend.o *crtend?.o) .ctors)
 *(SORT_BY_NAME(.ctors.*))
 *(.ctors)
 *crtbegin.o(.dtors)
 *crtbegin?.o(.dtors)
 *(EXCLUDE_FILE(*crtend.o *crtend?.o) .dtors)
 *(SORT_BY_NAME(.dtors.*))
 *(.dtors)
 *(.rodata*)
 .rodata._Z11performTestv.str1.1
                0x0000a7bc       0x28 C:\Users\brett\AppData\Local\arduino\sketches\3523EA022704F1EAF1259012B38047F1\sketch\button_troubleshoot.ino.cpp.o
                                 0x2a (size before relaxing)
 .rodata._Z14displayResultsv.str1.1
                0x0000a7e4      0x1d2 C:\Users\brett\AppData\Local\arduino\sketches\3523EA022704F1EAF1259012B38047F1\sketch\button_troubleshoot.ino.cpp.o
                                0x1ff (size before relaxing)
 .rodata._Z17printPaddedNumberii.str1.1
                0x0000a9b6      0x1d2 C:\Users\brett\AppData\Local\arduino\sketches\3523EA022704F1EAF1259012B38047F1\sketch\button_troubleshoot.ino.cpp.o
                                  0x2 (size before relaxing)
 .rodata._Z17promptForNextTestv.str1.1
                0x0000a9b6       0x62 C:\Users\brett\AppData\Local\arduino\sketches\3523EA022704F1EAF1259012B38047F1\sketch\button_troubleshoot.ino.cpp.o
                                 0x78 (size before relaxing)
 .rodata._Z9getStatusii.str1.1
                0x0000aa18       0x13 C:\Users\brett\AppData\Local\arduino\sketches\3523EA022704F1EAF1259012B38047F1\sketch\button_troubleshoot.ino.cpp.o
 .rodata.loop.str1.1
                0x0000aa2b       0x24 C:\Users\brett\AppData\Local\arduino\sketches\3523EA022704F1EAF1259012B38047F1\sketch\button_troubleshoot.ino.cpp.o
 .rodata.setup.str1.1
                0x0000aa4f      0x114 C:\Users\brett\AppData\Local\arduino\sketches\3523EA022704F1EAF1259012B38047F1\sketch\button_troubleshoot.ino.cpp.o
 .rodata.str1.1
                0x0000ab63      0x159 C:\Users\brett\AppData\Local\arduino\sketches\3523EA022704F1EAF1259012B38047F1\sketch\button_troubleshoot.ino.cpp.o
 .rodata.g_APinDescription
                0x0000acbc      0x198 C:\Users\brett\AppData\Local\arduino\sketches\3523EA022704F1EAF1259012B38047F1\core\variant.cpp.o
                0x0000acbc                g_APinDescription
 .rodata._ZN5Print7printlnEv.str1.1
                0x0000ae54        0x3 C:\Users\brett\AppData\Local\arduino\sketches\3523EA022704F1EAF1259012B38047F1/..\..\cores\Seeeduino_samd_seeed_XIAO_m0_58b8410a5acda13f3e9a82a2ea43902b\core.a(Print.cpp.o)
 *fill*         0x0000ae57        0x1 
 .rodata._ZL10sercomData
                0x0000ae58       0x30 C:\Users\brett\AppData\Local\arduino\sketches\3523EA022704F1EAF1259012B38047F1/..\..\cores\Seeeduino_samd_seeed_XIAO_m0_58b8410a5acda13f3e9a82a2ea43902b\core.a(SERCOM.cpp.o)
 .rodata._ZTV7Serial_
                0x0000ae88       0x28 C:\Users\brett\AppData\Local\arduino\sketches\3523EA022704F1EAF1259012B38047F1/..\..\cores\Seeeduino_samd_seeed_XIAO_m0_58b8410a5acda13f3e9a82a2ea43902b\core.a(CDC.cpp.o)
                0x0000ae88                vtable for Serial_
 .rodata._ZTV26DoubleBufferedEPOutHandler
                0x0000aeb0       0x28 C:\Users\brett\AppData\Local\arduino\sketches\3523EA022704F1EAF1259012B38047F1/..\..\cores\Seeeduino_samd_seeed_XIAO_m0_58b8410a5acda13f3e9a82a2ea43902b\core.a(USBCore.cpp.o)
                0x0000aeb0                vtable for DoubleBufferedEPOutHandler
 .rodata._ZL14STRING_PRODUCT
                0x0000aed8        0xe C:\Users\brett\AppData\Local\arduino\sketches\3523EA022704F1EAF1259012B38047F1/..\..\cores\Seeeduino_samd_seeed_XIAO_m0_58b8410a5acda13f3e9a82a2ea43902b\core.a(USBCore.cpp.o)
 .rodata._ZL15STRING_LANGUAGE
                0x0000aee6        0x4 C:\Users\brett\AppData\Local\arduino\sketches\3523EA022704F1EAF1259012B38047F1/..\..\cores\Seeeduino_samd_seeed_XIAO_m0_58b8410a5acda13f3e9a82a2ea43902b\core.a(USBCore.cpp.o)
 .rodata._ZL19STRING_MANUFACTURER
                0x0000aeea        0x6 C:\Users\brett\AppData\Local\arduino\sketches\3523EA022704F1EAF1259012B38047F1/..\..\cores\Seeeduino_samd_seeed_XIAO_m0_58b8410a5acda13f3e9a82a2ea43902b\core.a(USBCore.cpp.o)
 .rodata._ZL20USB_DeviceDescriptor
                0x0000aef0       0x12 C:\Users\brett\AppData\Local\arduino\sketches\3523EA022704F1EAF1259012B38047F1/..\..\cores\Seeeduino_samd_seeed_XIAO_m0_58b8410a5acda13f3e9a82a2ea43902b\core.a(USBCore.cpp.o)
 .rodata._ZL21USB_DeviceDescriptorB
                0x0000af02       0x12 C:\Users\brett\AppData\Local\arduino\sketches\3523EA022704F1EAF1259012B38047F1/..\..\cores\Seeeduino_samd_seeed_XIAO_m0_58b8410a5acda13f3e9a82a2ea43902b\core.a(USBCore.cpp.o)
 .rodata._ZTV4Uart
                0x0000af14       0x34 C:\Users\brett\AppData\Local\arduino\sketches\3523EA022704F1EAF1259012B38047F1/..\..\cores\Seeeduino_samd_seeed_XIAO_m0_58b8410a5acda13f3e9a82a2ea43902b\core.a(Uart.cpp.o)
                0x0000af14                vtable for Uart
 .rodata        0x0000af48       0x40 c:/users/brett/appdata/local/arduino15/packages/seeeduino/tools/arm-none-eabi-gcc/7-2017q4/bin/../lib/gcc/arm-none-eabi/7.2.1/thumb/v6-m\libgcc.a(divdf3.o)
 .rodata        0x0000af88       0x40 c:/users/brett/appdata/local/arduino15/packages/seeeduino/tools/arm-none-eabi-gcc/7-2017q4/bin/../lib/gcc/arm-none-eabi/7.2.1/thumb/v6-m\libgcc.a(muldf3.o)
 .rodata._setlocale_r.str1.1
                0x0000afc8        0x8 c:/users/brett/appdata/local/arduino15/packages/seeeduino/tools/arm-none-eabi-gcc/7-2017q4/bin/../lib/gcc/arm-none-eabi/7.2.1/../../../../arm-none-eabi/lib/thumb/v6-m\libc_nano.a(lib_a-locale.o)
                                  0x9 (size before relaxing)
 .rodata.str1.1
                0x0000afd0        0x8 c:/users/brett/appdata/local/arduino15/packages/seeeduino/tools/arm-none-eabi-gcc/7-2017q4/bin/../lib/gcc/arm-none-eabi/7.2.1/../../../../arm-none-eabi/lib/thumb/v6-m\libc_nano.a(lib_a-locale.o)
                                  0x2 (size before relaxing)
 .rodata._printf_float.str1.1
                0x0000afd0       0x12 c:/users/brett/appdata/local/arduino15/packages/seeeduino/tools/arm-none-eabi-gcc/7-2017q4/bin/../lib/gcc/arm-none-eabi/7.2.1/../../../../arm-none-eabi/lib/thumb/v6-m\libc_nano.a(lib_a-nano-vfprintf_float.o)
 .rodata._printf_i.str1.1
                0x0000afe2       0x22 c:/users/brett/appdata/local/arduino15/packages/seeeduino/tools/arm-none-eabi-gcc/7-2017q4/bin/../lib/gcc/arm-none-eabi/7.2.1/../../../../arm-none-eabi/lib/thumb/v6-m\libc_nano.a(lib_a-nano-vfprintf_i.o)
 .rodata._scanf_float.str1.1
                0x0000b004        0x5 c:/users/brett/appdata/local/arduino15/packages/seeeduino/tools/arm-none-eabi-gcc/7-2017q4/bin/../lib/gcc/arm-none-eabi/7.2.1/../../../../arm-none-eabi/lib/thumb/v6-m\libc_nano.a(lib_a-nano-vfscanf_float.o)
 .rodata._strtod_l.str1.1
                0x0000b009        0x5 c:/users/brett/appdata/local/arduino15/packages/seeeduino/tools/arm-none-eabi-gcc/7-2017q4/bin/../lib/gcc/arm-none-eabi/7.2.1/../../../../arm-none-eabi/lib/thumb/v6-m\libc_nano.a(lib_a-strtod.o)
                                  0xc (size before relaxing)
 *fill*         0x0000b009        0x3 
 .rodata.fpi.6156
                0x0000b00c       0x14 c:/users/brett/appdata/local/arduino15/packages/seeeduino/tools/arm-none-eabi-gcc/7-2017q4/bin/../lib/gcc/arm-none-eabi/7.2.1/../../../../arm-none-eabi/lib/thumb/v6-m\libc_nano.a(lib_a-strtod.o)
 .rodata.fpinan.6192
                0x0000b020       0x14 c:/users/brett/appdata/local/arduino15/packages/seeeduino/tools/arm-none-eabi-gcc/7-2017q4/bin/../lib/gcc/arm-none-eabi/7.2.1/../../../../arm-none-eabi/lib/thumb/v6-m\libc_nano.a(lib_a-strtod.o)
 *fill*         0x0000b034        0x4 
 .rodata.tinytens
                0x0000b038       0x28 c:/users/brett/appdata/local/arduino15/packages/seeeduino/tools/arm-none-eabi-gcc/7-2017q4/bin/../lib/gcc/arm-none-eabi/7.2.1/../../../../arm-none-eabi/lib/thumb/v6-m\libc_nano.a(lib_a-strtod.o)
 .rodata._ctype_
                0x0000b060      0x101 c:/users/brett/appdata/local/arduino15/packages/seeeduino/tools/arm-none-eabi-gcc/7-2017q4/bin/../lib/gcc/arm-none-eabi/7.2.1/../../../../arm-none-eabi/lib/thumb/v6-m\libc_nano.a(lib_a-ctype_.o)
                0x0000b060                _ctype_
 .rodata._dtoa_r.str1.1
                0x0000b161        0xd c:/users/brett/appdata/local/arduino15/packages/seeeduino/tools/arm-none-eabi-gcc/7-2017q4/bin/../lib/gcc/arm-none-eabi/7.2.1/../../../../arm-none-eabi/lib/thumb/v6-m\libc_nano.a(lib_a-dtoa.o)
                                  0xf (size before relaxing)
 *fill*         0x0000b16e        0x2 
 .rodata.__sf_fake_stderr
                0x0000b170       0x20 c:/users/brett/appdata/local/arduino15/packages/seeeduino/tools/arm-none-eabi-gcc/7-2017q4/bin/../lib/gcc/arm-none-eabi/7.2.1/../../../../arm-none-eabi/lib/thumb/v6-m\libc_nano.a(lib_a-findfp.o)
                0x0000b170                __sf_fake_stderr
 .rodata.__sf_fake_stdin
                0x0000b190       0x20 c:/users/brett/appdata/local/arduino15/packages/seeeduino/tools/arm-none-eabi-gcc/7-2017q4/bin/../lib/gcc/arm-none-eabi/7.2.1/../../../../arm-none-eabi/lib/thumb/v6-m\libc_nano.a(lib_a-findfp.o)
                0x0000b190                __sf_fake_stdin
 .rodata.__sf_fake_stdout
                0x0000b1b0       0x20 c:/users/brett/appdata/local/arduino15/packages/seeeduino/tools/arm-none-eabi-gcc/7-2017q4/bin/../lib/gcc/arm-none-eabi/7.2.1/../../../../arm-none-eabi/lib/thumb/v6-m\libc_nano.a(lib_a-findfp.o)
                0x0000b1b0                __sf_fake_stdout
 .rodata.__mprec_bigtens
                0x0000b1d0       0x28 c:/users/brett/appdata/local/arduino15/packages/seeeduino/tools/arm-none-eabi-gcc/7-2017q4/bin/../lib/gcc/arm-none-eabi/7.2.1/../../../../arm-none-eabi/lib/thumb/v6-m\libc_nano.a(lib_a-mprec.o)
                0x0000b1d0                __mprec_bigtens
 .rodata.__mprec_tens
                0x0000b1f8       0xc8 c:/users/brett/appdata/local/arduino15/packages/seeeduino/tools/arm-none-eabi-gcc/7-2017q4/bin/../lib/gcc/arm-none-eabi/7.2.1/../../../../arm-none-eabi/lib/thumb/v6-m\libc_nano.a(lib_a-mprec.o)
                0x0000b1f8                __mprec_tens
 .rodata.p05.6084
                0x0000b2c0        0xc c:/users/brett/appdata/local/arduino15/packages/seeeduino/tools/arm-none-eabi-gcc/7-2017q4/bin/../lib/gcc/arm-none-eabi/7.2.1/../../../../arm-none-eabi/lib/thumb/v6-m\libc_nano.a(lib_a-mprec.o)
 .rodata._svfprintf_r.str1.1
                0x0000b2cc       0x11 c:/users/brett/appdata/local/arduino15/packages/seeeduino/tools/arm-none-eabi-gcc/7-2017q4/bin/../lib/gcc/arm-none-eabi/7.2.1/../../../../arm-none-eabi/lib/thumb/v6-m\libc_nano.a(lib_a-nano-svfprintf.o)
 *(.eh_frame*)
 *fill*         0x0000b2dd        0x3 
 .eh_frame      0x0000b2e0        0x0 c:/users/brett/appdata/local/arduino15/packages/seeeduino/tools/arm-none-eabi-gcc/7-2017q4/bin/../lib/gcc/arm-none-eabi/7.2.1/thumb/v6-m/crtbegin.o
 .eh_frame      0x0000b2e0        0x4 c:/users/brett/appdata/local/arduino15/packages/seeeduino/tools/arm-none-eabi-gcc/7-2017q4/bin/../lib/gcc/arm-none-eabi/7.2.1/thumb/v6-m/crtend.o

.glue_7         0x0000b2e4        0x0
 .glue_7        0x0000b2e4        0x0 linker stubs

.glue_7t        0x0000b2e4        0x0
 .glue_7t       0x0000b2e4        0x0 linker stubs

.vfp11_veneer   0x0000b2e4        0x0
 .vfp11_veneer  0x0000b2e4        0x0 linker stubs

.v4_bx          0x0000b2e4        0x0
 .v4_bx         0x0000b2e4        0x0 linker stubs

.iplt           0x0000b2e4        0x0